###############################################################################
#
# IAR ELF Linker V3.10.1.201 for STM8                     20/Mar/2018  21:43:03
# Copyright 2010-2017 IAR Systems AB.
#
#    Output file  =  
#        D:\workspace\Embedded\STM8\Project\nRF\Master\Debug\Exe\Master.out
#    Map file     =  
#        D:\workspace\Embedded\STM8\Project\nRF\Master\Debug\List\Master.map
#    Command line =  
#        -f C:\Users\Hp\AppData\Local\Temp\EW762F.tmp
#        (D:\workspace\Embedded\STM8\Project\nRF\Master\Debug\Obj\main.o
#        D:\workspace\Embedded\STM8\Project\nRF\Master\Debug\Obj\nRF24L01.o
#        D:\workspace\Embedded\STM8\Project\nRF\Master\Debug\Obj\stm8s_clk.o
#        D:\workspace\Embedded\STM8\Project\nRF\Master\Debug\Obj\stm8s_exti.o
#        D:\workspace\Embedded\STM8\Project\nRF\Master\Debug\Obj\stm8s_gpio.o
#        D:\workspace\Embedded\STM8\Project\nRF\Master\Debug\Obj\stm8s_it.o
#        D:\workspace\Embedded\STM8\Project\nRF\Master\Debug\Obj\stm8s_spi.o
#        --redirect _Printf=_PrintfFullNoMb --redirect _Scanf=_ScanfFullNoMb -o
#        D:\workspace\Embedded\STM8\Project\nRF\Master\Debug\Exe\Master.out
#        --map
#        D:\workspace\Embedded\STM8\Project\nRF\Master\Debug\List\Master.map
#        --config "D:\IAR Systems\Embedded Workbench
#        8.1\stm8\config\lnkstm8s103f3.icf" --config_def _CSTACK_SIZE=0x100
#        --config_def _HEAP_SIZE=0x100 --entry __iar_program_start --debug_lib)
#
###############################################################################

*******************************************************************************
*** RUNTIME MODEL ATTRIBUTES
***

__SystemLibrary            = DLib
__code_model               = small
__core                     = stm8
__data_model               = medium
__dlib_file_descriptor     = 0
__dlib_full_locale_support = 0
__rt_version               = 4


*******************************************************************************
*** PLACEMENT SUMMARY
***

"A0":  place at start of [0x000000-0x0000ff] { rw section .vregs };
"A1":  place at end of [0x000000-0x0003ff] { block CSTACK };
"P2":  place in [from 0x000000 to 0x0003ff] {
          block HEAP, rw section __DLIB_PERTHREAD, rw section .far.bss,
          rw section .far.data, rw section .far.noinit,
          rw section .far_func.textrw, rw section .huge.bss,
          rw section .huge.data, rw section .huge.noinit,
          rw section .huge_func.textrw, rw section .iar.dynexit,
          rw section .near.bss, rw section .near.data, rw section .near.noinit,
          rw section .near_func.textrw };
"A2":  place at start of [0x008000-0x009fff] { block INTVEC };
"P3":  place in [from 0x008000 to 0x009fff] {
          ro section __DLIB_PERTHREAD_init, ro section .far.data_init,
          ro section .far_func.textrw_init, ro section .huge.data_init,
          ro section .huge_func.textrw_init, ro section .iar.init_table,
          ro section .init_array, ro section .near.data_init,
          ro section .near.rodata, ro section .near_func.text,
          ro section .near_func.textrw_init, ro section .tiny.data_init,
          ro section .tiny.rodata_init };
"P4":  place in [from 0x008000 to 0x009fff] {
          ro section .far.rodata, ro section .far_func.text };
"P5":  place in [from 0x008000 to 0x009fff] {
          ro section .huge.rodata, ro section .huge_func.text };
do not initialize {
   rw section .eeprom.noinit, rw section .far.noinit, rw section .huge.noinit,
   rw section .near.noinit, rw section .tiny.noinit, rw section .vregs };
initialize by copy {
   rw section .far.bss, rw section .far.data, rw section .far_func.textrw,
   rw section .huge.bss, rw section .huge.data, rw section .huge_func.textrw,
   rw section .iar.dynexit, rw section .near.bss, rw section .near.data,
   rw section .near_func.textrw, rw section .tiny.bss, rw section .tiny.data,
   ro section .tiny.rodata };

  Section            Kind      Address   Size  Object
  -------            ----      -------   ----  ------
"A0":                                    0x10
  .vregs             uninit   0x000000   0x10  vregs.o [4]
                            - 0x000010   0x10

"P2":                                    0x26
  P2-1                        0x000010   0x26  <Init block>
    .near.data       inited   0x000010    0x5  nRF24L01.o [1]
    .near.bss        inited   0x000015   0x20  main.o [1]
    .near.bss        inited   0x000035    0x1  main.o [1]
                            - 0x000036   0x26

"A1":                                   0x100
  CSTACK                      0x000300  0x100  <Block>
    CSTACK           uninit   0x000300  0x100  <Block tail>
                            - 0x000400  0x100

"A2":                                    0x80
  INTVEC                      0x008000   0x80  <Block>
    .intvec          const    0x008000   0x80  interrupt.o [4]
                            - 0x008080   0x80

"P3-P5":                                0x845
  .near_func.text    ro code  0x008080  0x119  nRF24L01.o [1]
  .near_func.text    ro code  0x008199   0xe4  stm8s_spi.o [1]
  .near_func.text    ro code  0x00827d   0xe3  stm8s_clk.o [1]
  .near_func.text    ro code  0x008360   0xb1  stm8s_gpio.o [1]
  .near_func.text    ro code  0x008411   0x8a  vreg_util.o [4]
  .near_func.text    ro code  0x00849b   0x7f  main.o [1]
  .near.rodata       const    0x00851a   0x61  stm8s_gpio.o [1]
  .near.rodata       const    0x00857b   0x60  stm8s_clk.o [1]
  .near.rodata       const    0x0085db   0x60  stm8s_spi.o [1]
  .near_func.text    ro code  0x00863b   0x5e  stm8s_clk.o [1]
  .near_func.text    ro code  0x008699   0x3a  nRF24L01.o [1]
  .near_func.text    ro code  0x0086d3   0x3a  stm8s_spi.o [1]
  .near_func.text    ro code  0x00870d   0x36  stm8s_clk.o [1]
  .near_func.text    ro code  0x008743   0x28  init_small.o [4]
  Initializer bytes  const    0x00876b   0x26  <for P2-1>
  .iar.init_table    const    0x008791    0xa  - Linker created -
  .near_func.text    ro code  0x00879b   0x1b  nRF24L01.o [1]
  .near_func.text    ro code  0x0087b6   0x17  main.o [1]
  .near_func.text    ro code  0x0087cd   0x16  stm8s_spi.o [1]
  .near_func.text    ro code  0x0087e3   0x15  stm8s_spi.o [1]
  .near_func.text    ro code  0x0087f8   0x14  main.o [1]
  .near_func.text    ro code  0x00880c   0x14  init.o [4]
  .near_func.text    ro code  0x008820   0x14  __dbg_xxexit.o [3]
  .near_func.text    ro code  0x008834   0x13  cstartup.o [4]
  .near_func.text    ro code  0x008847    0xb  stm8s_clk.o [1]
  .near_func.text    ro code  0x008852    0xb  stm8s_gpio.o [1]
  .near_func.text    ro code  0x00885d    0xb  stm8s_spi.o [1]
  .near_func.text    ro code  0x008868    0xa  nRF24L01.o [1]
  .near_func.text    ro code  0x008872    0x9  stm8s_clk.o [1]
  .near_func.text    ro code  0x00887b    0x8  nRF24L01.o [1]
  .near_func.text    ro code  0x008883    0x7  stm8s_gpio.o [1]
  .near_func.text    ro code  0x00888a    0x7  stm8s_gpio.o [1]
  .near_func.text    ro code  0x008891    0x5  cexit.o [4]
  .near_func.text    ro code  0x008896    0x4  stm8s_gpio.o [1]
  .near_func.text    ro code  0x00889a    0x4  stm8s_spi.o [1]
  .near_func.text    ro code  0x00889e    0x4  stm8s_spi.o [1]
  .near_func.text    ro code  0x0088a2    0x3  interrupt.o [4]
  .near_func.text    ro code  0x0088a5    0x3  low_level_init.o [4]
  .near_func.text    ro code  0x0088a8    0x3  exit.o [4]
  .near_func.text    ro code  0x0088ab    0x3  unhandled_exception.o [4]
  .near_func.text    ro code  0x0088ae    0x2  main.o [1]
  .near_func.text    ro code  0x0088b0    0x1  stm8s_it.o [1]
  .near_func.text    ro code  0x0088b1    0x1  stm8s_it.o [1]
  .near_func.text    ro code  0x0088b2    0x1  stm8s_it.o [1]
  .near_func.text    ro code  0x0088b3    0x1  stm8s_it.o [1]
  .near_func.text    ro code  0x0088b4    0x1  stm8s_it.o [1]
  .near_func.text    ro code  0x0088b5    0x1  stm8s_it.o [1]
  .near_func.text    ro code  0x0088b6    0x1  stm8s_it.o [1]
  .near_func.text    ro code  0x0088b7    0x1  stm8s_it.o [1]
  .near_func.text    ro code  0x0088b8    0x1  stm8s_it.o [1]
  .near_func.text    ro code  0x0088b9    0x1  stm8s_it.o [1]
  .near_func.text    ro code  0x0088ba    0x1  stm8s_it.o [1]
  .near_func.text    ro code  0x0088bb    0x1  stm8s_it.o [1]
  .near_func.text    ro code  0x0088bc    0x1  stm8s_it.o [1]
  .near_func.text    ro code  0x0088bd    0x1  stm8s_it.o [1]
  .near_func.text    ro code  0x0088be    0x1  stm8s_it.o [1]
  .near_func.text    ro code  0x0088bf    0x1  stm8s_it.o [1]
  .near_func.text    ro code  0x0088c0    0x1  stm8s_it.o [1]
  .near_func.text    ro code  0x0088c1    0x1  stm8s_it.o [1]
  .near_func.text    ro code  0x0088c2    0x1  stm8s_it.o [1]
  .near_func.text    ro code  0x0088c3    0x1  stm8s_it.o [1]
  .near_func.text    ro code  0x0088c4    0x1  __dbg_break.o [3]
                            - 0x0088c5  0x845


*******************************************************************************
*** INIT TABLE
***

          Address   Size
          -------   ----
Copy (__iar_copy_init2)
    1 source range, total size 0x26:
          0x00876b  0x26
    1 destination range, total size 0x26:
          0x000010  0x26



*******************************************************************************
*** MODULE SUMMARY
***

    Module                 ro code  ro data  rw data
    ------                 -------  -------  -------
D:\workspace\Embedded\STM8\Project\nRF\Master\Debug\Obj: [1]
    main.o                     172       33       33
    nRF24L01.o                 384        5        5
    stm8s_clk.o                395       96
    stm8s_gpio.o               206       97
    stm8s_it.o                  20
    stm8s_spi.o                348       96
    ------------------------------------------------
    Total:                   1 525      327       38

command line: [2]
    ------------------------------------------------
    Total:

dbgstm8smd.a: [3]
    __dbg_break.o                1
    __dbg_xxexit.o              20
    ------------------------------------------------
    Total:                      21

dlstm8smn.a: [4]
    cexit.o                      5
    cstartup.o                  19
    exit.o                       3
    init.o                      20
    init_small.o                40
    interrupt.o                  3      128
    low_level_init.o             3
    unhandled_exception.o        3
    vreg_util.o                138
    vregs.o                                       16
    ------------------------------------------------
    Total:                     234      128       16

    Linker created                       10      256
----------------------------------------------------
    Grand Total:             1 780      465      310


*******************************************************************************
*** ENTRY LIST
***

Entry                    Address  Size  Type      Object
-----                    -------  ----  ----      ------
.iar.init_table$$Base   0x008791         --   Gb  - Linker created -
.iar.init_table$$Limit  0x00879b         --   Gb  - Linker created -
?b0                     0x000000        Data  Gb  vregs.o [4]
?b1                     0x000001        Data  Gb  vregs.o [4]
?b10                    0x00000a        Data  Gb  vregs.o [4]
?b11                    0x00000b        Data  Gb  vregs.o [4]
?b12                    0x00000c        Data  Gb  vregs.o [4]
?b13                    0x00000d        Data  Gb  vregs.o [4]
?b14                    0x00000e        Data  Gb  vregs.o [4]
?b15                    0x00000f        Data  Gb  vregs.o [4]
?b2                     0x000002        Data  Gb  vregs.o [4]
?b3                     0x000003        Data  Gb  vregs.o [4]
?b4                     0x000004        Data  Gb  vregs.o [4]
?b5                     0x000005        Data  Gb  vregs.o [4]
?b6                     0x000006        Data  Gb  vregs.o [4]
?b7                     0x000007        Data  Gb  vregs.o [4]
?b8                     0x000008        Data  Gb  vregs.o [4]
?b9                     0x000009        Data  Gb  vregs.o [4]
?e0                     0x000001        Data  Gb  vregs.o [4]
?e1                     0x000005        Data  Gb  vregs.o [4]
?e2                     0x000009        Data  Gb  vregs.o [4]
?e3                     0x00000d        Data  Gb  vregs.o [4]
?epilogue_l2            0x00848c        Code  Gb  vreg_util.o [4]
?epilogue_l2_l3         0x008489        Code  Gb  vreg_util.o [4]
?epilogue_l2_w6         0x008490        Code  Gb  vreg_util.o [4]
?epilogue_w4            0x008497        Code  Gb  vreg_util.o [4]
?l0                     0x000000        Data  Gb  vregs.o [4]
?l1                     0x000004        Data  Gb  vregs.o [4]
?l2                     0x000008        Data  Gb  vregs.o [4]
?l3                     0x00000c        Data  Gb  vregs.o [4]
?pop_l2                 0x00846b        Code  Gb  vreg_util.o [4]
?pop_l3                 0x008476        Code  Gb  vreg_util.o [4]
?pop_w4                 0x00842e        Code  Gb  vreg_util.o [4]
?pop_w6                 0x008435        Code  Gb  vreg_util.o [4]
?push_l2                0x008444        Code  Gb  vreg_util.o [4]
?push_l3                0x008449        Code  Gb  vreg_util.o [4]
?push_w4                0x008411        Code  Gb  vreg_util.o [4]
?push_w6                0x008416        Code  Gb  vreg_util.o [4]
?w0                     0x000000        Data  Gb  vregs.o [4]
?w1                     0x000002        Data  Gb  vregs.o [4]
?w2                     0x000004        Data  Gb  vregs.o [4]
?w3                     0x000006        Data  Gb  vregs.o [4]
?w4                     0x000008        Data  Gb  vregs.o [4]
?w5                     0x00000a        Data  Gb  vregs.o [4]
?w6                     0x00000c        Data  Gb  vregs.o [4]
?w7                     0x00000e        Data  Gb  vregs.o [4]
ADC1_IRQHandler         0x0088c1   0x1  Code  Gb  stm8s_it.o [1]
AWU_IRQHandler          0x0088b2   0x1  Code  Gb  stm8s_it.o [1]
CLK_ClockSwitchConfig   0x00827d  0xe3  Code  Gb  stm8s_clk.o [1]
CLK_DeInit              0x00870d  0x36  Code  Gb  stm8s_clk.o [1]
CLK_IRQHandler          0x0088b3   0x1  Code  Gb  stm8s_it.o [1]
CLK_SYSCLKConfig        0x00863b  0x5e  Code  Gb  stm8s_clk.o [1]
CSN                     0x008080  0x13  Code  Lc  nRF24L01.o [1]
CSTACK$$Base            0x000300         --   Gb  - Linker created -
CSTACK$$Limit           0x000400         --   Gb  - Linker created -
EEPROM_EEC_IRQHandler   0x0088c3   0x1  Code  Gb  stm8s_it.o [1]
EXTI_PORTA_IRQHandler   0x0088b4   0x1  Code  Gb  stm8s_it.o [1]
EXTI_PORTB_IRQHandler   0x0088b5   0x1  Code  Gb  stm8s_it.o [1]
EXTI_PORTC_IRQHandler   0x0088b6   0x1  Code  Gb  stm8s_it.o [1]
EXTI_PORTD_IRQHandler   0x0088b7   0x1  Code  Gb  stm8s_it.o [1]
EXTI_PORTE_IRQHandler   0x0088b8   0x1  Code  Gb  stm8s_it.o [1]
GPIO_Init               0x008360  0xb1  Code  Gb  stm8s_gpio.o [1]
GPIO_WriteHigh          0x008883   0x7  Code  Gb  stm8s_gpio.o [1]
GPIO_WriteLow           0x008896   0x4  Code  Gb  stm8s_gpio.o [1]
GPIO_WriteReverse       0x00888a   0x7  Code  Gb  stm8s_gpio.o [1]
I2C_IRQHandler          0x0088c0   0x1  Code  Gb  stm8s_it.o [1]
INTVEC$$Base            0x008000         --   Gb  - Linker created -
INTVEC$$Limit           0x008080         --   Gb  - Linker created -
Region$$Table$$Base     0x008791         --   Gb  - Linker created -
Region$$Table$$Limit    0x00879b         --   Gb  - Linker created -
SPI_Cmd                 0x0087cd  0x16  Code  Gb  stm8s_spi.o [1]
SPI_DeInit              0x0087e3  0x15  Code  Gb  stm8s_spi.o [1]
SPI_GetFlagStatus       0x0086d3  0x3a  Code  Gb  stm8s_spi.o [1]
SPI_IRQHandler          0x0088b9   0x1  Code  Gb  stm8s_it.o [1]
SPI_Init                0x008199  0xe4  Code  Gb  stm8s_spi.o [1]
SPI_ReceiveData         0x00889e   0x4  Code  Gb  stm8s_spi.o [1]
SPI_SendData            0x00889a   0x4  Code  Gb  stm8s_spi.o [1]
TIM1_CAP_COM_IRQHandler
                        0x0088bb   0x1  Code  Gb  stm8s_it.o [1]
TIM1_UPD_OVF_TRG_BRK_IRQHandler
                        0x0088ba   0x1  Code  Gb  stm8s_it.o [1]
TIM2_CAP_COM_IRQHandler
                        0x0088bd   0x1  Code  Gb  stm8s_it.o [1]
TIM2_UPD_OVF_BRK_IRQHandler
                        0x0088bc   0x1  Code  Gb  stm8s_it.o [1]
TIM4_UPD_OVF_IRQHandler
                        0x0088c2   0x1  Code  Gb  stm8s_it.o [1]
TLI_IRQHandler          0x0088b1   0x1  Code  Gb  stm8s_it.o [1]
TRAP_IRQHandler         0x0088b0   0x1  Code  Gb  stm8s_it.o [1]
TX_ADDRESS              0x000010   0x5  Data  Gb  nRF24L01.o [1]
UART1_RX_IRQHandler     0x0088bf   0x1  Code  Gb  stm8s_it.o [1]
UART1_TX_IRQHandler     0x0088be   0x1  Code  Gb  stm8s_it.o [1]
__DebugBreak            0x0088c4   0x1  Code  Gb  __dbg_break.o [3]
__exit                  0x008820  0x14  Code  Gb  __dbg_xxexit.o [3]
__iar_copy_init2        0x008743        Code  Gb  init_small.o [4]
__iar_data_init2        0x00880c  0x14  Code  Gb  init.o [4]
__iar_program_start     0x008834        Code  Gb  cstartup.o [4]
__iar_unhandled_exception
                        0x0088ab        Code  Gb  unhandled_exception.o [4]
__intvec                0x008000        Data  Gb  interrupt.o [4]
__low_level_init        0x0088a5   0x3  Code  Gb  low_level_init.o [4]
_exit                   0x008891        Code  Gb  cexit.o [4]
_interrupt_1            0x0088b0        Code  Gb  stm8s_it.o [1]
_interrupt_12           0x0088b9        Code  Gb  stm8s_it.o [1]
_interrupt_13           0x0088ba        Code  Gb  stm8s_it.o [1]
_interrupt_14           0x0088bb        Code  Gb  stm8s_it.o [1]
_interrupt_15           0x0088bc        Code  Gb  stm8s_it.o [1]
_interrupt_16           0x0088bd        Code  Gb  stm8s_it.o [1]
_interrupt_19           0x0088be        Code  Gb  stm8s_it.o [1]
_interrupt_2            0x0088b1        Code  Gb  stm8s_it.o [1]
_interrupt_20           0x0088bf        Code  Gb  stm8s_it.o [1]
_interrupt_21           0x0088c0        Code  Gb  stm8s_it.o [1]
_interrupt_24           0x0088c1        Code  Gb  stm8s_it.o [1]
_interrupt_25           0x0088c2        Code  Gb  stm8s_it.o [1]
_interrupt_26           0x0088c3        Code  Gb  stm8s_it.o [1]
_interrupt_3            0x0088b2        Code  Gb  stm8s_it.o [1]
_interrupt_4            0x0088b3        Code  Gb  stm8s_it.o [1]
_interrupt_5            0x0088b4        Code  Gb  stm8s_it.o [1]
_interrupt_6            0x0088b5        Code  Gb  stm8s_it.o [1]
_interrupt_7            0x0088b6        Code  Gb  stm8s_it.o [1]
_interrupt_8            0x0088b7        Code  Gb  stm8s_it.o [1]
_interrupt_9            0x0088b8        Code  Gb  stm8s_it.o [1]
assert_failed           0x0088ae   0x2  Code  Gb  main.o [1]
content                 0x000035   0x1  Data  Gb  main.o [1]
data                    0x000015  0x20  Data  Gb  main.o [1]
delay_ms                0x0087f8  0x14  Code  Gb  main.o [1]
delay_us                0x0087b6  0x17  Code  Gb  main.o [1]
exit                    0x0088a8   0x3  Code  Gb  exit.o [4]
main                    0x00849b  0x7f  Code  Gb  main.o [1]
nRF24L01_Pin_Config     0x008699  0x3a  Code  Gb  nRF24L01.o [1]
nRF24L01_SPI_RW         0x00879b  0x1b  Code  Lc  nRF24L01.o [1]
nRF24L01_SendData       0x00816f  0x19  Code  Gb  nRF24L01.o [1]
nRF24L01_Set_TxMode     0x008102  0x2e  Code  Gb  nRF24L01.o [1]
nRF24L01_Write_Reg      0x008093  0x21  Code  Lc  nRF24L01.o [1]
nRF24L01_Write_TxData   0x0080b4  0x46  Code  Lc  nRF24L01.o [1]


[1] = D:\workspace\Embedded\STM8\Project\nRF\Master\Debug\Obj
[2] = command line
[3] = dbgstm8smd.a
[4] = dlstm8smn.a

  1 780 bytes of readonly  code memory
    465 bytes of readonly  data memory
    310 bytes of readwrite data memory

Errors: none
Warnings: none
