###############################################################################
#
# IAR ELF Linker V7.80.2.11947/W32 for ARM                21/Jul/2017  15:08:16
# Copyright 2007-2016 IAR Systems AB.
#
#    Output file  =  D:\STM32F1\Projects\Project\Blink\Debug\Exe\Test.out
#    Map file     =  D:\STM32F1\Projects\Project\Blink\Debug\List\Test.map
#    Command line =  
#        D:\STM32F1\Projects\Project\Blink\Debug\Obj\ccsbcs.o
#        D:\STM32F1\Projects\Project\Blink\Debug\Obj\diskio.o
#        D:\STM32F1\Projects\Project\Blink\Debug\Obj\fattime.o
#        D:\STM32F1\Projects\Project\Blink\Debug\Obj\ff.o
#        D:\STM32F1\Projects\Project\Blink\Debug\Obj\init.o
#        D:\STM32F1\Projects\Project\Blink\Debug\Obj\main.o
#        D:\STM32F1\Projects\Project\Blink\Debug\Obj\stm32f1xx_hal.o
#        D:\STM32F1\Projects\Project\Blink\Debug\Obj\stm32f1xx_hal_cortex.o
#        D:\STM32F1\Projects\Project\Blink\Debug\Obj\stm32f1xx_hal_gpio.o
#        D:\STM32F1\Projects\Project\Blink\Debug\Obj\stm32f1xx_hal_msp.o
#        D:\STM32F1\Projects\Project\Blink\Debug\Obj\stm32f1xx_hal_rcc.o
#        D:\STM32F1\Projects\Project\Blink\Debug\Obj\stm32f1xx_hal_spi.o
#        D:\STM32F1\Projects\Project\Blink\Debug\Obj\stm32f1xx_hal_spi_ex.o
#        D:\STM32F1\Projects\Project\Blink\Debug\Obj\stm32f1xx_it.o
#        D:\STM32F1\Projects\Project\Blink\Debug\Obj\system_stm32f1xx.o -o
#        D:\STM32F1\Projects\Project\Blink\Debug\Exe\Test.out --map
#        D:\STM32F1\Projects\Project\Blink\Debug\List\Test.map --config
#        "C:\Program Files (x86)\IAR Systems\Embedded Workbench
#        7.5\arm\config\linker\ST\stm32f103x8.icf" --semihosting --entry
#        __iar_program_start --vfe
#
###############################################################################

*******************************************************************************
*** RUNTIME MODEL ATTRIBUTES
***

CppFlavor       = *
__SystemLibrary = DLib


*******************************************************************************
*** PLACEMENT SUMMARY
***

"A0":  place at 0x08000000 { ro section .intvec };
"P1":  place in [from 0x08000000 to 0x0800ffff] { ro };
"P2":  place in [from 0x20000000 to 0x20004fff] { rw, block CSTACK, block HEAP };
initialize by copy { rw };

  Section            Kind        Address    Size  Object
  -------            ----        -------    ----  ------
"A0":                                       0x40
  .intvec            ro code  0x08000000    0x40  vector_table_M.o [4]
                            - 0x08000040    0x40

"P1":                                     0x3a00
  .text              ro code  0x08000040  0x1724  ff.o [1]
  .text              ro code  0x08001764   0x7a6  diskio.o [1]
  .rodata            const    0x08001f0a     0x2  stm32f1xx_hal_rcc.o [1]
  .text              ro code  0x08001f0c    0x94  ccsbcs.o [1]
  .text              ro code  0x08001fa0    0x60  fattime.o [1]
  .text              ro code  0x08002000   0x630  stm32f1xx_hal_spi.o [1]
  .text              ro code  0x08002630   0x1fc  stm32f1xx_hal_gpio.o [1]
  .text              ro code  0x0800282c    0x8a  stm32f1xx_hal_spi_ex.o [1]
  .text              ro code  0x080028b6     0x2  stm32f1xx_hal_spi.o [1]
  .text              ro code  0x080028b8     0xc  stm32f1xx_hal.o [1]
  .text              ro code  0x080028c4   0x6a4  stm32f1xx_hal_rcc.o [1]
  .text              ro code  0x08002f68    0x28  stm32f1xx_hal.o [1]
  .text              ro code  0x08002f90    0x76  ABImemcpy_unaligned.o [4]
  .text              ro code  0x08003008   0x104  stm32f1xx_hal_cortex.o [1]
  .text              ro code  0x0800310c    0xfa  main.o [1]
  .text              ro code  0x08003208   0x148  init.o [1]
  .rodata            const    0x08003350   0x1e0  ccsbcs.o [1]
  .rodata            const    0x08003530   0x1e0  ccsbcs.o [1]
  .rodata            const    0x08003710   0x100  ccsbcs.o [1]
  .rodata            const    0x08003810    0x80  ff.o [1]
  .text              ro code  0x08003890    0x40  zero_init3.o [4]
  .text              ro code  0x080038d0    0x2c  copy_init3.o [4]
  .text              ro code  0x080038fc    0x28  data_init.o [4]
  .iar.init_table    const    0x08003924    0x24  - Linker created -
  .rodata            const    0x08003948    0x1c  main.o [1]
  .text              ro code  0x08003964    0x1c  stm32f1xx_it.o [1]
  .text              ro code  0x08003980    0x10  stm32f1xx_hal.o [1]
  .text              ro code  0x08003990    0x1a  cmain.o [4]
  .text              ro code  0x080039aa     0x4  low_level_init.o [3]
  .text              ro code  0x080039ae     0x4  exit.o [3]
  .text              ro code  0x080039b4     0xa  cexit.o [4]
  .text              ro code  0x080039c0    0x14  exit.o [5]
  .rodata            const    0x080039d4    0x10  ff.o [1]
  .rodata            const    0x080039e4    0x10  main.o [1]
  .rodata            const    0x080039f4    0x10  stm32f1xx_hal_rcc.o [1]
  .rodata            const    0x08003a04    0x10  system_stm32f1xx.o [1]
  .rodata            const    0x08003a14     0xc  ff.o [1]
  .text              ro code  0x08003a20     0xc  cstartup_M.o [4]
  .rodata            const    0x08003a2c     0x8  ff.o [1]
  Initializer bytes  const    0x08003a34     0x8  <for P2-1>
  .rodata            const    0x08003a3c     0x4  diskio.o [1]
  .rodata            const    0x08003a40     0x0  zero_init3.o [4]
  .rodata            const    0x08003a40     0x0  copy_init3.o [4]
                            - 0x08003a40  0x3a00

"P2", part 1 of 3:                           0x8
  P2-1                        0x20000000     0x5  <Init block>
    .data            inited   0x20000000     0x4  system_stm32f1xx.o [1]
    .data            inited   0x20000004     0x1  diskio.o [1]
                            - 0x20000005     0x5

"P2", part 2 of 3:                         0x800
  CSTACK                      0x20000008   0x800  <Block>
    CSTACK           uninit   0x20000008   0x800  <Block tail>
                            - 0x20000808   0x800

"P2", part 3 of 3:                         0x6dc
  .bss               zero     0x20000808   0x234  main.o [1]
  .bss               zero     0x20000a3c   0x224  main.o [1]
  .bss               zero     0x20000c60   0x200  ff.o [1]
  .bss               zero     0x20000e60    0x58  diskio.o [1]
  .bss               zero     0x20000eb8    0x10  diskio.o [1]
  .bss               zero     0x20000ec8     0x4  diskio.o [1]
  .bss               zero     0x20000ecc     0x4  ff.o [1]
  .bss               zero     0x20000ed0     0x4  main.o [1]
  .bss               zero     0x20000ed4     0x4  main.o [1]
  .bss               zero     0x20000ed8     0x4  stm32f1xx_hal.o [1]
  .bss               zero     0x20000edc     0x2  ff.o [1]
  .bss               zero     0x20000ede     0x1  diskio.o [1]
  .bss               zero     0x20000edf     0x1  diskio.o [1]
  .bss               zero     0x20000ee0     0x1  ff.o [1]
  .bss               zero     0x20000ee1     0x1  main.o [1]
                            - 0x20000ee2   0x6da


*******************************************************************************
*** INIT TABLE
***

          Address     Size
          -------     ----
Zero (__iar_zero_init3)
    1 destination range, total size 0x6da:
          0x20000808  0x6da

Copy (__iar_copy_init3)
    1 source range, total size 0x8 (160% of destination):
          0x08003a34    0x8
    1 destination range, total size 0x5:
          0x20000000    0x5



*******************************************************************************
*** MODULE SUMMARY
***

    Module                  ro code  ro data  rw data
    ------                  -------  -------  -------
D:\STM32F1\Projects\Project\Blink\Debug\Obj: [1]
    ccsbcs.o                    148    1 216
    diskio.o                  1 958        5      111
    fattime.o                    96
    ff.o                      5 924      164      519
    init.o                      328
    main.o                      250       44    1 121
    stm32f1xx_hal.o              68                 4
    stm32f1xx_hal_cortex.o      260
    stm32f1xx_hal_gpio.o        508
    stm32f1xx_hal_rcc.o       1 700       18
    stm32f1xx_hal_spi.o       1 586
    stm32f1xx_hal_spi_ex.o      138
    stm32f1xx_it.o               28
    system_stm32f1xx.o                    20        4
    -------------------------------------------------
    Total:                   12 992    1 467    1 759

command line: [2]
    -------------------------------------------------
    Total:

dl7M_tln.a: [3]
    exit.o                        4
    low_level_init.o              4
    -------------------------------------------------
    Total:                        8

rt7M_tl.a: [4]
    ABImemcpy_unaligned.o       118
    cexit.o                      10
    cmain.o                      26
    copy_init3.o                 44
    cstartup_M.o                 12
    data_init.o                  40
    vector_table_M.o             64
    zero_init3.o                 64
    -------------------------------------------------
    Total:                      378

shb_l.a: [5]
    exit.o                       20
    -------------------------------------------------
    Total:                       20

    Gaps                          8
    Linker created                        39    2 048
-----------------------------------------------------
    Grand Total:             13 406    1 506    3 807


*******************************************************************************
*** ENTRY LIST
***

Entry                      Address   Size  Type      Object
-----                      -------   ----  ----      ------
.iar.init_table$$Base   0x08003924          --   Gb  - Linker created -
.iar.init_table$$Limit  0x08003948          --   Gb  - Linker created -
?main                   0x08003991         Code  Gb  cmain.o [4]
AHBPrescTable           0x08003a04   0x10  Data  Gb  system_stm32f1xx.o [1]
BusFault_Handler        0x0800396b    0x2  Code  Gb  stm32f1xx_it.o [1]
CSTACK$$Base            0x20000008          --   Gb  - Linker created -
CSTACK$$Limit           0x20000808          --   Gb  - Linker created -
CardType                0x20000ede    0x1  Data  Lc  diskio.o [1]
CurrVol                 0x20000ee0    0x1  Data  Lc  ff.o [1]
DebugMon_Handler        0x08003971    0x2  Code  Gb  stm32f1xx_it.o [1]
Error_Handler           0x08003205    0x2  Code  Gb  main.o [1]
FatFs                   0x20000ecc    0x4  Data  Lc  ff.o [1]
Fsid                    0x20000edc    0x2  Data  Lc  ff.o [1]
GPIO_Config             0x08003289   0x16  Code  Gb  init.o [1]
GPIO_Init               0x0800329f   0xa0  Code  Gb  init.o [1]
GPIO_InitStructure      0x20000eb8   0x10  Data  Gb  diskio.o [1]
HAL_GPIO_Init           0x08002631  0x1aa  Code  Gb  stm32f1xx_hal_gpio.o [1]
HAL_GPIO_WritePin       0x080027db   0x14  Code  Gb  stm32f1xx_hal_gpio.o [1]
HAL_GetTick             0x080028b9    0xc  Code  Wk  stm32f1xx_hal.o [1]
HAL_IncTick             0x08003981   0x10  Code  Wk  stm32f1xx_hal.o [1]
HAL_InitTick            0x08002f69   0x28  Code  Wk  stm32f1xx_hal.o [1]
HAL_NVIC_SetPriority    0x080030a1   0x22  Code  Gb  stm32f1xx_hal_cortex.o [1]
HAL_RCC_ClockConfig     0x08002d17  0x180  Code  Gb  stm32f1xx_hal_rcc.o [1]
HAL_RCC_GetHCLKFreq     0x08002efd    0x6  Code  Gb  stm32f1xx_hal_rcc.o [1]
HAL_RCC_GetSysClockFreq
                        0x08002e97   0x66  Code  Gb  stm32f1xx_hal_rcc.o [1]
HAL_RCC_OscConfig       0x080028c5  0x452  Code  Gb  stm32f1xx_hal_rcc.o [1]
HAL_SPI_DeInit          0x08002001   0x38  Code  Gb  stm32f1xx_hal_spi.o [1]
HAL_SPI_Init            0x0800282d   0x8a  Code  Gb  stm32f1xx_hal_spi_ex.o [1]
HAL_SPI_MspDeInit       0x080028b7    0x2  Code  Wk  stm32f1xx_hal_spi.o [1]
HAL_SPI_MspInit         0x0800262f    0x2  Code  Wk  stm32f1xx_hal_spi.o [1]
HAL_SPI_Receive         0x080021db  0x176  Code  Gb  stm32f1xx_hal_spi.o [1]
HAL_SPI_Transmit        0x08002039  0x1a2  Code  Gb  stm32f1xx_hal_spi.o [1]
HAL_SPI_TransmitReceive
                        0x08002351  0x214  Code  Gb  stm32f1xx_hal_spi.o [1]
HAL_SYSTICK_CLKSourceConfig
                        0x080030cb   0x20  Code  Gb  stm32f1xx_hal_cortex.o [1]
HAL_SYSTICK_Callback    0x080031d7    0xc  Code  Gb  main.o [1]
HAL_SYSTICK_Config      0x080030c3    0x8  Code  Gb  stm32f1xx_hal_cortex.o [1]
HAL_SYSTICK_IRQHandler  0x08003105    0x8  Code  Gb  stm32f1xx_hal_cortex.o [1]
HardFault_Handler       0x08003967    0x2  Code  Gb  stm32f1xx_it.o [1]
LfnBuf                  0x20000c60  0x200  Data  Lc  ff.o [1]
LfnOfs                  0x080039d4   0x10  Data  Lc  ff.o [1]
MemManage_Handler       0x08003969    0x2  Code  Gb  stm32f1xx_it.o [1]
NMI_Handler             0x08003965    0x2  Code  Gb  stm32f1xx_it.o [1]
NVIC_EncodePriority     0x08003035   0x3e  Code  Lc  stm32f1xx_hal_cortex.o [1]
NVIC_GetPriorityGrouping
                        0x08003009    0xa  Code  Lc  stm32f1xx_hal_cortex.o [1]
NVIC_SetPriority        0x08003013   0x22  Code  Lc  stm32f1xx_hal_cortex.o [1]
PendSV_Handler          0x08003973    0x2  Code  Gb  stm32f1xx_it.o [1]
RCC_Delay               0x08002f03   0x24  Code  Lc  stm32f1xx_hal_rcc.o [1]
ReceivedData            0x20000edf    0x1  Data  Gb  diskio.o [1]
Region$$Table$$Base     0x08003924          --   Gb  - Linker created -
Region$$Table$$Limit    0x08003948          --   Gb  - Linker created -
SPI_CheckFlag_BSY       0x08002607   0x28  Code  Lc  stm32f1xx_hal_spi.o [1]
SPI_InitStructure       0x20000e60   0x58  Data  Gb  diskio.o [1]
SPI_WaitFlagStateUntilTimeout
                        0x08002565   0xa2  Code  Lc  stm32f1xx_hal_spi.o [1]
SVC_Handler             0x0800396f    0x2  Code  Gb  stm32f1xx_it.o [1]
Stat                    0x20000004    0x1  Data  Lc  diskio.o [1]
SysTick_Config          0x08003073   0x2e  Code  Lc  stm32f1xx_hal_cortex.o [1]
SysTick_Handler         0x08003975    0xc  Code  Gb  stm32f1xx_it.o [1]
SystemClock_Config      0x08003209   0x80  Code  Gb  init.o [1]
SystemCoreClock         0x20000000    0x4  Data  Gb  system_stm32f1xx.o [1]
Tbl                     0x08003710  0x100  Data  Lc  ccsbcs.o [1]
UsageFault_Handler      0x0800396d    0x2  Code  Gb  stm32f1xx_it.o [1]
__cmain                 0x08003991         Code  Gb  cmain.o [4]
__exit                  0x080039c1   0x14  Code  Gb  exit.o [5]
__iar_copy_init3        0x080038d1   0x2c  Code  Gb  copy_init3.o [4]
__iar_data_init3        0x080038fd   0x28  Code  Gb  data_init.o [4]
__iar_program_start     0x08003a21         Code  Gb  cstartup_M.o [4]
__iar_unaligned___aeabi_memcpy
                        0x08002f91         Code  Gb  ABImemcpy_unaligned.o [4]
__iar_unaligned___aeabi_memcpy4
                        0x08002fb1         Code  Gb  ABImemcpy_unaligned.o [4]
__iar_unaligned___aeabi_memcpy8
                        0x08002fb1         Code  Gb  ABImemcpy_unaligned.o [4]
__iar_zero_init3        0x08003891   0x40  Code  Gb  zero_init3.o [4]
__low_level_init        0x080039ab    0x4  Code  Gb  low_level_init.o [3]
__vector_table          0x08000000         Data  Gb  vector_table_M.o [4]
_call_main              0x0800399d         Code  Gb  cmain.o [4]
_exit                   0x080039b5         Code  Gb  cexit.o [4]
_main                   0x080039a7         Code  Gb  cmain.o [4]
check_fs                0x08000e9d   0x78  Code  Lc  ff.o [1]
chk_chr                 0x08000085   0x14  Code  Lc  ff.o [1]
chk_mounted             0x08000f19  0x36e  Code  Lc  ff.o [1]
clust2sect              0x080001e3   0x18  Code  Gb  ff.o [1]
cmp_lfn                 0x080006f7   0x96  Code  Lc  ff.o [1]
create_chain            0x08000437   0xb4  Code  Lc  ff.o [1]
create_name             0x08000b5b  0x2ac  Code  Lc  ff.o [1]
create_name::excvt      0x08003810   0x80  Data  Lc  ff.o [1]
deselect                0x080017ef   0x14  Code  Lc  diskio.o [1]
dir_find                0x080008ad   0xea  Code  Lc  ff.o [1]
dir_next                0x08000599  0x124  Code  Lc  ff.o [1]
dir_register            0x08000997  0x1c4  Code  Lc  ff.o [1]
dir_sdi                 0x080004eb   0xae  Code  Lc  ff.o [1]
disk_initialize         0x08001b8b  0x128  Code  Gb  diskio.o [1]
disk_ioctl              0x08001e2d   0xde  Code  Gb  diskio.o [1]
disk_read               0x08001cb3   0x96  Code  Gb  diskio.o [1]
disk_status             0x08001b57   0x34  Code  Gb  diskio.o [1]
disk_write              0x08001d49   0xac  Code  Gb  diskio.o [1]
exit                    0x080039af    0x4  Code  Gb  exit.o [3]
f_close                 0x08001729   0x18  Code  Gb  ff.o [1]
f_mount                 0x080012b9   0x32  Code  Gb  ff.o [1]
f_open                  0x080012eb  0x180  Code  Gb  ff.o [1]
f_sync                  0x0800167f   0xaa  Code  Gb  ff.o [1]
f_write                 0x08001471  0x20e  Code  Gb  ff.o [1]
ff_convert              0x08001f0d   0x52  Code  Gb  ccsbcs.o [1]
ff_wtoupper             0x08001f5f   0x34  Code  Gb  ccsbcs.o [1]
ff_wtoupper::tbl_lower  0x08003350  0x1e0  Data  Lc  ccsbcs.o [1]
ff_wtoupper::tbl_upper  0x08003530  0x1e0  Data  Lc  ccsbcs.o [1]
fit_lfn                 0x0800078d   0x78  Code  Lc  ff.o [1]
follow_path             0x08000e07   0x96  Code  Lc  ff.o [1]
gen_numname             0x08000805   0x88  Code  Gb  ff.o [1]
get_fat                 0x080001fb   0xd2  Code  Gb  ff.o [1]
get_fattime             0x08001fc3   0x3e  Code  Gb  fattime.o [1]
gettime                 0x08001fa1   0x22  Code  Gb  fattime.o [1]
interface_speed         0x08001765   0x20  Code  Lc  diskio.o [1]
ld_clust                0x080006bd   0x22  Code  Lc  ff.o [1]
main                    0x0800310d   0xca  Code  Gb  main.o [1]
main::bw                0x20000ed4    0x4  Data  Lc  main.o [1]
main::fatfs             0x20000808  0x234  Data  Lc  main.o [1]
main::fil               0x20000a3c  0x224  Data  Lc  main.o [1]
main::st_Result         0x20000ee1    0x1  Data  Lc  main.o [1]
mem_cmp                 0x08000065   0x20  Code  Lc  ff.o [1]
mem_cpy                 0x08000041   0x14  Code  Lc  ff.o [1]
mem_set                 0x08000055   0x10  Code  Lc  ff.o [1]
move_window             0x08000099   0x74  Code  Lc  ff.o [1]
power                   0x08001835  0x17e  Code  Gb  diskio.o [1]
power::i                0x20000ec8    0x4  Data  Lc  diskio.o [1]
power_off               0x080019b3   0x54  Code  Lc  diskio.o [1]
put_fat                 0x080002cd  0x100  Code  Gb  ff.o [1]
rcvr_datablock          0x08001a07   0x5e  Code  Lc  diskio.o [1]
rcvr_spi                0x080017bf    0xa  Code  Lc  diskio.o [1]
release_spi             0x08001829    0xc  Code  Lc  diskio.o [1]
remove_chain            0x080003cd   0x6a  Code  Lc  ff.o [1]
select                  0x08001803   0x26  Code  Lc  diskio.o [1]
send_cmd                0x08001ac1   0x96  Code  Lc  diskio.o [1]
st_clust                0x080006df   0x18  Code  Lc  ff.o [1]
stm32_spi_rw            0x08001785   0x3a  Code  Lc  diskio.o [1]
sum_sfn                 0x0800088d   0x20  Code  Lc  ff.o [1]
sync                    0x0800010d   0xd6  Code  Lc  ff.o [1]
timeTick                0x20000ed0    0x4  Data  Gb  main.o [1]
uwTick                  0x20000ed8    0x4  Data  Gb  stm32f1xx_hal.o [1]
validate                0x08001287   0x32  Code  Lc  ff.o [1]
wait_ready              0x080017c9   0x26  Code  Lc  diskio.o [1]
xmit_datablock          0x08001a65   0x5c  Code  Lc  diskio.o [1]


[1] = D:\STM32F1\Projects\Project\Blink\Debug\Obj
[2] = command line
[3] = dl7M_tln.a
[4] = rt7M_tl.a
[5] = shb_l.a

  13 406 bytes of readonly  code memory
   1 506 bytes of readonly  data memory
   3 807 bytes of readwrite data memory

Errors: none
Warnings: none
