###############################################################################
#
# IAR ELF Linker V3.10.1.201 for STM8                     22/Jan/2018  22:38:37
# Copyright 2010-2017 IAR Systems AB.
#
#    Output file  =  
#        E:\workspace\Embedded\STM8\Project\nRF\Receiver\Debug\Exe\Receiver.out
#    Map file     =  
#        E:\workspace\Embedded\STM8\Project\nRF\Receiver\Debug\List\Receiver.map
#    Command line =  
#        -f C:\Users\one\AppData\Local\Temp\EW7B21.tmp
#        (E:\workspace\Embedded\STM8\Project\nRF\Receiver\Debug\Obj\eeprom.o
#        E:\workspace\Embedded\STM8\Project\nRF\Receiver\Debug\Obj\main.o
#        E:\workspace\Embedded\STM8\Project\nRF\Receiver\Debug\Obj\nRF24L01.o
#        E:\workspace\Embedded\STM8\Project\nRF\Receiver\Debug\Obj\stm8s_clk.o
#        E:\workspace\Embedded\STM8\Project\nRF\Receiver\Debug\Obj\stm8s_exti.o
#        E:\workspace\Embedded\STM8\Project\nRF\Receiver\Debug\Obj\stm8s_flash.o
#        E:\workspace\Embedded\STM8\Project\nRF\Receiver\Debug\Obj\stm8s_gpio.o
#        E:\workspace\Embedded\STM8\Project\nRF\Receiver\Debug\Obj\stm8s_it.o
#        E:\workspace\Embedded\STM8\Project\nRF\Receiver\Debug\Obj\stm8s_spi.o
#        --redirect _Printf=_PrintfFullNoMb --redirect _Scanf=_ScanfFullNoMb -o
#        E:\workspace\Embedded\STM8\Project\nRF\Receiver\Debug\Exe\Receiver.out
#        --map
#        E:\workspace\Embedded\STM8\Project\nRF\Receiver\Debug\List\Receiver.map
#        --config "C:\Program Files (x86)\IAR Systems\Embedded Workbench
#        8.0\stm8\config\lnkstm8s103f3.icf" --config_def _CSTACK_SIZE=0x100
#        --config_def _HEAP_SIZE=0x100 --entry __iar_program_start --debug_lib)
#
###############################################################################

*******************************************************************************
*** RUNTIME MODEL ATTRIBUTES
***

__SystemLibrary            = DLib
__code_model               = small
__core                     = stm8
__data_model               = medium
__dlib_file_descriptor     = 0
__dlib_full_locale_support = 0
__rt_version               = 4


*******************************************************************************
*** PLACEMENT SUMMARY
***

"A0":  place at start of [0x000000-0x0000ff] { rw section .vregs };
"A1":  place at end of [0x000000-0x0003ff] { block CSTACK };
"P2":  place in [from 0x000000 to 0x0003ff] {
          block HEAP, rw section __DLIB_PERTHREAD, rw section .far.bss,
          rw section .far.data, rw section .far.noinit,
          rw section .far_func.textrw, rw section .huge.bss,
          rw section .huge.data, rw section .huge.noinit,
          rw section .huge_func.textrw, rw section .iar.dynexit,
          rw section .near.bss, rw section .near.data, rw section .near.noinit,
          rw section .near_func.textrw };
"A2":  place at start of [0x008000-0x009fff] { block INTVEC };
"P3":  place in [from 0x008000 to 0x009fff] {
          ro section __DLIB_PERTHREAD_init, ro section .far.data_init,
          ro section .far_func.textrw_init, ro section .huge.data_init,
          ro section .huge_func.textrw_init, ro section .iar.init_table,
          ro section .init_array, ro section .near.data_init,
          ro section .near.rodata, ro section .near_func.text,
          ro section .near_func.textrw_init, ro section .tiny.data_init,
          ro section .tiny.rodata_init };
"P4":  place in [from 0x008000 to 0x009fff] {
          ro section .far.rodata, ro section .far_func.text };
"P5":  place in [from 0x008000 to 0x009fff] {
          ro section .huge.rodata, ro section .huge_func.text };
do not initialize {
   rw section .eeprom.noinit, rw section .far.noinit, rw section .huge.noinit,
   rw section .near.noinit, rw section .tiny.noinit, rw section .vregs };
initialize by copy {
   rw section .far.bss, rw section .far.data, rw section .far_func.textrw,
   rw section .huge.bss, rw section .huge.data, rw section .huge_func.textrw,
   rw section .iar.dynexit, rw section .near.bss, rw section .near.data,
   rw section .near_func.textrw, rw section .tiny.bss, rw section .tiny.data,
   ro section .tiny.rodata };

  Section            Kind      Address   Size  Object
  -------            ----      -------   ----  ------
"A0":                                    0x10
  .vregs             uninit   0x000000   0x10  vregs.o [4]
                            - 0x000010   0x10

"P2":                                     0xa
  P2-1                        0x000010    0xa  <Init block>
    .near.data       inited   0x000010    0x9  eeprom.o [1]
    .near.bss        inited   0x000019    0x1  main.o [1]
                            - 0x00001a    0xa

"A1":                                   0x100
  CSTACK                      0x000300  0x100  <Block>
    CSTACK           uninit   0x000300  0x100  <Block tail>
                            - 0x000400  0x100

"A2":                                    0x80
  INTVEC                      0x008000   0x80  <Block>
    .intvec          const    0x008000   0x80  interrupt.o [4]
                            - 0x008080   0x80

"P3-P5":                                0x6b6
  .near_func.text    ro code  0x008080   0xe4  stm8s_spi.o [1]
  .near_func.text    ro code  0x008164   0xe3  stm8s_clk.o [1]
  .near_func.text    ro code  0x008247   0xb1  stm8s_gpio.o [1]
  .near_func.text    ro code  0x0082f8   0x9f  vreg_util.o [4]
  .near.rodata       const    0x008397   0x61  stm8s_gpio.o [1]
  .near.rodata       const    0x0083f8   0x60  stm8s_clk.o [1]
  .near.rodata       const    0x008458   0x60  stm8s_spi.o [1]
  .near_func.text    ro code  0x0084b8   0x5e  stm8s_clk.o [1]
  .near_func.text    ro code  0x008516   0x40  main.o [1]
  .near_func.text    ro code  0x008556   0x3a  nRF24L01.o [1]
  .near_func.text    ro code  0x008590   0x36  stm8s_clk.o [1]
  .near_func.text    ro code  0x0085c6   0x2f  eeprom.o [1]
  .near_func.text    ro code  0x0085f5   0x2c  eeprom.o [1]
  .near_func.text    ro code  0x008621   0x28  init_small.o [4]
  .iar.init_table    const    0x008649    0xa  - Linker created -
  .near_func.text    ro code  0x008653   0x1b  stm8s_it.o [1]
  .near_func.text    ro code  0x00866e   0x16  stm8s_spi.o [1]
  .near_func.text    ro code  0x008684   0x15  stm8s_spi.o [1]
  .near_func.text    ro code  0x008699   0x14  init.o [4]
  .near_func.text    ro code  0x0086ad   0x14  __dbg_xxexit.o [3]
  .near_func.text    ro code  0x0086c1   0x13  cstartup.o [4]
  .near_func.text    ro code  0x0086d4    0xb  stm8s_clk.o [1]
  .near_func.text    ro code  0x0086df    0xb  stm8s_gpio.o [1]
  .near_func.text    ro code  0x0086ea    0xb  stm8s_spi.o [1]
  Initializer bytes  const    0x0086f5    0xa  <for P2-1>
  .near_func.text    ro code  0x0086ff    0x9  stm8s_clk.o [1]
  .near_func.text    ro code  0x008708    0x7  stm8s_gpio.o [1]
  .near_func.text    ro code  0x00870f    0x5  cexit.o [4]
  .near_func.text    ro code  0x008714    0x3  interrupt.o [4]
  .near_func.text    ro code  0x008717    0x3  low_level_init.o [4]
  .near_func.text    ro code  0x00871a    0x3  exit.o [4]
  .near_func.text    ro code  0x00871d    0x3  unhandled_exception.o [4]
  .near_func.text    ro code  0x008720    0x2  main.o [1]
  .near_func.text    ro code  0x008722    0x1  stm8s_it.o [1]
  .near_func.text    ro code  0x008723    0x1  stm8s_it.o [1]
  .near_func.text    ro code  0x008724    0x1  stm8s_it.o [1]
  .near_func.text    ro code  0x008725    0x1  stm8s_it.o [1]
  .near_func.text    ro code  0x008726    0x1  stm8s_it.o [1]
  .near_func.text    ro code  0x008727    0x1  stm8s_it.o [1]
  .near_func.text    ro code  0x008728    0x1  stm8s_it.o [1]
  .near_func.text    ro code  0x008729    0x1  stm8s_it.o [1]
  .near_func.text    ro code  0x00872a    0x1  stm8s_it.o [1]
  .near_func.text    ro code  0x00872b    0x1  stm8s_it.o [1]
  .near_func.text    ro code  0x00872c    0x1  stm8s_it.o [1]
  .near_func.text    ro code  0x00872d    0x1  stm8s_it.o [1]
  .near_func.text    ro code  0x00872e    0x1  stm8s_it.o [1]
  .near_func.text    ro code  0x00872f    0x1  stm8s_it.o [1]
  .near_func.text    ro code  0x008730    0x1  stm8s_it.o [1]
  .near_func.text    ro code  0x008731    0x1  stm8s_it.o [1]
  .near_func.text    ro code  0x008732    0x1  stm8s_it.o [1]
  .near_func.text    ro code  0x008733    0x1  stm8s_it.o [1]
  .near_func.text    ro code  0x008734    0x1  stm8s_it.o [1]
  .near_func.text    ro code  0x008735    0x1  __dbg_break.o [3]
                            - 0x008736  0x6b6


*******************************************************************************
*** INIT TABLE
***

          Address   Size
          -------   ----
Copy (__iar_copy_init2)
    1 source range, total size 0xa:
          0x0086f5   0xa
    1 destination range, total size 0xa:
          0x000010   0xa



*******************************************************************************
*** MODULE SUMMARY
***

    Module                 ro code  ro data  rw data
    ------                 -------  -------  -------
E:\workspace\Embedded\STM8\Project\nRF\Receiver\Debug\Obj: [1]
    eeprom.o                    91        9        9
    main.o                      66        1        1
    nRF24L01.o                  58
    stm8s_clk.o                395       96
    stm8s_gpio.o               195       97
    stm8s_it.o                  46
    stm8s_spi.o                282       96
    ------------------------------------------------
    Total:                   1 133      299       10

command line: [2]
    ------------------------------------------------
    Total:

dbgstm8smd.a: [3]
    __dbg_break.o                1
    __dbg_xxexit.o              20
    ------------------------------------------------
    Total:                      21

dlstm8smn.a: [4]
    cexit.o                      5
    cstartup.o                  19
    exit.o                       3
    init.o                      20
    init_small.o                40
    interrupt.o                  3      128
    low_level_init.o             3
    unhandled_exception.o        3
    vreg_util.o                159
    vregs.o                                       16
    ------------------------------------------------
    Total:                     255      128       16

    Linker created                       10      256
----------------------------------------------------
    Grand Total:             1 409      437      282


*******************************************************************************
*** ENTRY LIST
***

Entry                    Address  Size  Type      Object
-----                    -------  ----  ----      ------
.iar.init_table$$Base   0x008649         --   Gb  - Linker created -
.iar.init_table$$Limit  0x008653         --   Gb  - Linker created -
?b0                     0x000000        Data  Gb  vregs.o [4]
?b1                     0x000001        Data  Gb  vregs.o [4]
?b10                    0x00000a        Data  Gb  vregs.o [4]
?b11                    0x00000b        Data  Gb  vregs.o [4]
?b12                    0x00000c        Data  Gb  vregs.o [4]
?b13                    0x00000d        Data  Gb  vregs.o [4]
?b14                    0x00000e        Data  Gb  vregs.o [4]
?b15                    0x00000f        Data  Gb  vregs.o [4]
?b2                     0x000002        Data  Gb  vregs.o [4]
?b3                     0x000003        Data  Gb  vregs.o [4]
?b4                     0x000004        Data  Gb  vregs.o [4]
?b5                     0x000005        Data  Gb  vregs.o [4]
?b6                     0x000006        Data  Gb  vregs.o [4]
?b7                     0x000007        Data  Gb  vregs.o [4]
?b8                     0x000008        Data  Gb  vregs.o [4]
?b9                     0x000009        Data  Gb  vregs.o [4]
?e0                     0x000001        Data  Gb  vregs.o [4]
?e1                     0x000005        Data  Gb  vregs.o [4]
?e2                     0x000009        Data  Gb  vregs.o [4]
?e3                     0x00000d        Data  Gb  vregs.o [4]
?epilogue_l2            0x00838c        Code  Gb  vreg_util.o [4]
?epilogue_l2_l3         0x008389        Code  Gb  vreg_util.o [4]
?epilogue_l2_w6         0x008390        Code  Gb  vreg_util.o [4]
?l0                     0x000000        Data  Gb  vregs.o [4]
?l1                     0x000004        Data  Gb  vregs.o [4]
?l2                     0x000008        Data  Gb  vregs.o [4]
?l3                     0x00000c        Data  Gb  vregs.o [4]
?pop_l0                 0x008355        Code  Gb  vreg_util.o [4]
?pop_l1                 0x008360        Code  Gb  vreg_util.o [4]
?pop_l2                 0x00836b        Code  Gb  vreg_util.o [4]
?pop_l3                 0x008376        Code  Gb  vreg_util.o [4]
?pop_w6                 0x008315        Code  Gb  vreg_util.o [4]
?push_l0                0x008324        Code  Gb  vreg_util.o [4]
?push_l1                0x008329        Code  Gb  vreg_util.o [4]
?push_l2                0x00832e        Code  Gb  vreg_util.o [4]
?push_l3                0x008333        Code  Gb  vreg_util.o [4]
?push_w4                0x0082f8        Code  Gb  vreg_util.o [4]
?push_w6                0x0082fd        Code  Gb  vreg_util.o [4]
?w0                     0x000000        Data  Gb  vregs.o [4]
?w1                     0x000002        Data  Gb  vregs.o [4]
?w2                     0x000004        Data  Gb  vregs.o [4]
?w3                     0x000006        Data  Gb  vregs.o [4]
?w4                     0x000008        Data  Gb  vregs.o [4]
?w5                     0x00000a        Data  Gb  vregs.o [4]
?w6                     0x00000c        Data  Gb  vregs.o [4]
?w7                     0x00000e        Data  Gb  vregs.o [4]
ADC1_IRQHandler         0x008732   0x1  Code  Gb  stm8s_it.o [1]
AWU_IRQHandler          0x008724   0x1  Code  Gb  stm8s_it.o [1]
CLK_ClockSwitchConfig   0x008164  0xe3  Code  Gb  stm8s_clk.o [1]
CLK_DeInit              0x008590  0x36  Code  Gb  stm8s_clk.o [1]
CLK_IRQHandler          0x008725   0x1  Code  Gb  stm8s_it.o [1]
CLK_SYSCLKConfig        0x0084b8  0x5e  Code  Gb  stm8s_clk.o [1]
CSTACK$$Base            0x000300         --   Gb  - Linker created -
CSTACK$$Limit           0x000400         --   Gb  - Linker created -
EEPROM_EEC_IRQHandler   0x008734   0x1  Code  Gb  stm8s_it.o [1]
EEPROM_Write_Value      0x0085f5  0x2c  Code  Gb  eeprom.o [1]
EXTI_PORTA_IRQHandler   0x008726   0x1  Code  Gb  stm8s_it.o [1]
EXTI_PORTB_IRQHandler   0x008653  0x1b  Code  Gb  stm8s_it.o [1]
EXTI_PORTC_IRQHandler   0x008727   0x1  Code  Gb  stm8s_it.o [1]
EXTI_PORTD_IRQHandler   0x008728   0x1  Code  Gb  stm8s_it.o [1]
EXTI_PORTE_IRQHandler   0x008729   0x1  Code  Gb  stm8s_it.o [1]
GPIO_Init               0x008247  0xb1  Code  Gb  stm8s_gpio.o [1]
GPIO_WriteReverse       0x008708   0x7  Code  Gb  stm8s_gpio.o [1]
I2C_IRQHandler          0x008731   0x1  Code  Gb  stm8s_it.o [1]
INTVEC$$Base            0x008000         --   Gb  - Linker created -
INTVEC$$Limit           0x008080         --   Gb  - Linker created -
Region$$Table$$Base     0x008649         --   Gb  - Linker created -
Region$$Table$$Limit    0x008653         --   Gb  - Linker created -
SPI_Cmd                 0x00866e  0x16  Code  Gb  stm8s_spi.o [1]
SPI_DeInit              0x008684  0x15  Code  Gb  stm8s_spi.o [1]
SPI_IRQHandler          0x00872a   0x1  Code  Gb  stm8s_it.o [1]
SPI_Init                0x008080  0xe4  Code  Gb  stm8s_spi.o [1]
TIM1_CAP_COM_IRQHandler
                        0x00872c   0x1  Code  Gb  stm8s_it.o [1]
TIM1_UPD_OVF_TRG_BRK_IRQHandler
                        0x00872b   0x1  Code  Gb  stm8s_it.o [1]
TIM2_CAP_COM_IRQHandler
                        0x00872e   0x1  Code  Gb  stm8s_it.o [1]
TIM2_UPD_OVF_BRK_IRQHandler
                        0x00872d   0x1  Code  Gb  stm8s_it.o [1]
TIM4_UPD_OVF_IRQHandler
                        0x008733   0x1  Code  Gb  stm8s_it.o [1]
TLI_IRQHandler          0x008723   0x1  Code  Gb  stm8s_it.o [1]
TRAP_IRQHandler         0x008722   0x1  Code  Gb  stm8s_it.o [1]
UART1_RX_IRQHandler     0x008730   0x1  Code  Gb  stm8s_it.o [1]
UART1_TX_IRQHandler     0x00872f   0x1  Code  Gb  stm8s_it.o [1]
VerifyEEPROMData        0x0085c6  0x2f  Code  Gb  eeprom.o [1]
__DebugBreak            0x008735   0x1  Code  Gb  __dbg_break.o [3]
__exit                  0x0086ad  0x14  Code  Gb  __dbg_xxexit.o [3]
__iar_copy_init2        0x008621        Code  Gb  init_small.o [4]
__iar_data_init2        0x008699  0x14  Code  Gb  init.o [4]
__iar_program_start     0x0086c1        Code  Gb  cstartup.o [4]
__iar_unhandled_exception
                        0x00871d        Code  Gb  unhandled_exception.o [4]
__intvec                0x008000        Data  Gb  interrupt.o [4]
__low_level_init        0x008717   0x3  Code  Gb  low_level_init.o [4]
_exit                   0x00870f        Code  Gb  cexit.o [4]
_interrupt_1            0x008722        Code  Gb  stm8s_it.o [1]
_interrupt_12           0x00872a        Code  Gb  stm8s_it.o [1]
_interrupt_13           0x00872b        Code  Gb  stm8s_it.o [1]
_interrupt_14           0x00872c        Code  Gb  stm8s_it.o [1]
_interrupt_15           0x00872d        Code  Gb  stm8s_it.o [1]
_interrupt_16           0x00872e        Code  Gb  stm8s_it.o [1]
_interrupt_19           0x00872f        Code  Gb  stm8s_it.o [1]
_interrupt_2            0x008723        Code  Gb  stm8s_it.o [1]
_interrupt_20           0x008730        Code  Gb  stm8s_it.o [1]
_interrupt_21           0x008731        Code  Gb  stm8s_it.o [1]
_interrupt_24           0x008732        Code  Gb  stm8s_it.o [1]
_interrupt_25           0x008733        Code  Gb  stm8s_it.o [1]
_interrupt_26           0x008734        Code  Gb  stm8s_it.o [1]
_interrupt_3            0x008724        Code  Gb  stm8s_it.o [1]
_interrupt_4            0x008725        Code  Gb  stm8s_it.o [1]
_interrupt_5            0x008726        Code  Gb  stm8s_it.o [1]
_interrupt_6            0x008653        Code  Gb  stm8s_it.o [1]
_interrupt_7            0x008727        Code  Gb  stm8s_it.o [1]
_interrupt_8            0x008728        Code  Gb  stm8s_it.o [1]
_interrupt_9            0x008729        Code  Gb  stm8s_it.o [1]
assert_failed           0x008720   0x2  Code  Gb  main.o [1]
data                    0x000010   0x9  Data  Lc  eeprom.o [1]
exit                    0x00871a   0x3  Code  Gb  exit.o [4]
main                    0x008516  0x40  Code  Gb  main.o [1]
nRF24L01_Pin_Config     0x008556  0x3a  Code  Gb  nRF24L01.o [1]
status                  0x000019   0x1  Data  Gb  main.o [1]


[1] = E:\workspace\Embedded\STM8\Project\nRF\Receiver\Debug\Obj
[2] = command line
[3] = dbgstm8smd.a
[4] = dlstm8smn.a

  1 409 bytes of readonly  code memory
    437 bytes of readonly  data memory
    282 bytes of readwrite data memory

Errors: none
Warnings: none
