###############################################################################
#
# IAR ELF Linker V3.10.1.201 for STM8                     25/Jan/2018  23:36:44
# Copyright 2010-2017 IAR Systems AB.
#
#    Output file  =  
#        E:\workspace\Embedded\STM8\Project\nRF\Receiver\Debug\Exe\Receiver.out
#    Map file     =  
#        E:\workspace\Embedded\STM8\Project\nRF\Receiver\Debug\List\Receiver.map
#    Command line =  
#        -f C:\Users\one\AppData\Local\Temp\EW826C.tmp
#        (E:\workspace\Embedded\STM8\Project\nRF\Receiver\Debug\Obj\eeprom.o
#        E:\workspace\Embedded\STM8\Project\nRF\Receiver\Debug\Obj\main.o
#        E:\workspace\Embedded\STM8\Project\nRF\Receiver\Debug\Obj\nRF24L01.o
#        E:\workspace\Embedded\STM8\Project\nRF\Receiver\Debug\Obj\stm8s_clk.o
#        E:\workspace\Embedded\STM8\Project\nRF\Receiver\Debug\Obj\stm8s_exti.o
#        E:\workspace\Embedded\STM8\Project\nRF\Receiver\Debug\Obj\stm8s_flash.o
#        E:\workspace\Embedded\STM8\Project\nRF\Receiver\Debug\Obj\stm8s_gpio.o
#        E:\workspace\Embedded\STM8\Project\nRF\Receiver\Debug\Obj\stm8s_it.o
#        E:\workspace\Embedded\STM8\Project\nRF\Receiver\Debug\Obj\stm8s_spi.o
#        --redirect _Printf=_PrintfFullNoMb --redirect _Scanf=_ScanfFullNoMb -o
#        E:\workspace\Embedded\STM8\Project\nRF\Receiver\Debug\Exe\Receiver.out
#        --map
#        E:\workspace\Embedded\STM8\Project\nRF\Receiver\Debug\List\Receiver.map
#        --config "C:\Program Files (x86)\IAR Systems\Embedded Workbench
#        8.0\stm8\config\lnkstm8s103f3.icf" --config_def _CSTACK_SIZE=0x100
#        --config_def _HEAP_SIZE=0x100 --entry __iar_program_start --debug_lib)
#
###############################################################################

*******************************************************************************
*** RUNTIME MODEL ATTRIBUTES
***

__SystemLibrary            = DLib
__code_model               = small
__core                     = stm8
__data_model               = medium
__dlib_file_descriptor     = 0
__dlib_full_locale_support = 0
__rt_version               = 4


*******************************************************************************
*** PLACEMENT SUMMARY
***

"A0":  place at start of [0x000000-0x0000ff] { rw section .vregs };
"A1":  place at end of [0x000000-0x0003ff] { block CSTACK };
"P2":  place in [from 0x000000 to 0x0003ff] {
          block HEAP, rw section __DLIB_PERTHREAD, rw section .far.bss,
          rw section .far.data, rw section .far.noinit,
          rw section .far_func.textrw, rw section .huge.bss,
          rw section .huge.data, rw section .huge.noinit,
          rw section .huge_func.textrw, rw section .iar.dynexit,
          rw section .near.bss, rw section .near.data, rw section .near.noinit,
          rw section .near_func.textrw };
"A2":  place at start of [0x008000-0x009fff] { block INTVEC };
"P3":  place in [from 0x008000 to 0x009fff] {
          ro section __DLIB_PERTHREAD_init, ro section .far.data_init,
          ro section .far_func.textrw_init, ro section .huge.data_init,
          ro section .huge_func.textrw_init, ro section .iar.init_table,
          ro section .init_array, ro section .near.data_init,
          ro section .near.rodata, ro section .near_func.text,
          ro section .near_func.textrw_init, ro section .tiny.data_init,
          ro section .tiny.rodata_init };
"P4":  place in [from 0x008000 to 0x009fff] {
          ro section .far.rodata, ro section .far_func.text };
"P5":  place in [from 0x008000 to 0x009fff] {
          ro section .huge.rodata, ro section .huge_func.text };
do not initialize {
   rw section .eeprom.noinit, rw section .far.noinit, rw section .huge.noinit,
   rw section .near.noinit, rw section .tiny.noinit, rw section .vregs };
initialize by copy {
   rw section .far.bss, rw section .far.data, rw section .far_func.textrw,
   rw section .huge.bss, rw section .huge.data, rw section .huge_func.textrw,
   rw section .iar.dynexit, rw section .near.bss, rw section .near.data,
   rw section .near_func.textrw, rw section .tiny.bss, rw section .tiny.data,
   ro section .tiny.rodata };

  Section            Kind      Address   Size  Object
  -------            ----      -------   ----  ------
"A0":                                    0x10
  .vregs             uninit   0x000000   0x10  vregs.o [4]
                            - 0x000010   0x10

"P2":                                     0xe
  P2-1                        0x000010    0xe  <Init block>
    .near.data       inited   0x000010    0x7  main.o [1]
    .near.bss        inited   0x000017    0x7  eeprom.o [1]
                            - 0x00001e    0xe

"A1":                                   0x100
  CSTACK                      0x000300  0x100  <Block>
    CSTACK           uninit   0x000300  0x100  <Block tail>
                            - 0x000400  0x100

"A2":                                    0x80
  INTVEC                      0x008000   0x80  <Block>
    .intvec          const    0x008000   0x80  interrupt.o [4]
                            - 0x008080   0x80

"P3-P5":                                0x732
  .near_func.text    ro code  0x008080   0xe4  stm8s_spi.o [1]
  .near_func.text    ro code  0x008164   0xe3  stm8s_clk.o [1]
  .near_func.text    ro code  0x008247   0xb1  stm8s_gpio.o [1]
  .near_func.text    ro code  0x0082f8   0xb1  vreg_util.o [4]
  .near.rodata       const    0x0083a9   0x61  stm8s_gpio.o [1]
  .near.rodata       const    0x00840a   0x60  stm8s_clk.o [1]
  .near.rodata       const    0x00846a   0x60  stm8s_spi.o [1]
  .near_func.text    ro code  0x0084ca   0x5e  stm8s_clk.o [1]
  .near_func.text    ro code  0x008528   0x4a  eeprom.o [1]
  .near_func.text    ro code  0x008572   0x48  eeprom.o [1]
  .near_func.text    ro code  0x0085ba   0x3c  main.o [1]
  .near_func.text    ro code  0x0085f6   0x3a  nRF24L01.o [1]
  .near_func.text    ro code  0x008630   0x36  stm8s_clk.o [1]
  .near_func.text    ro code  0x008666   0x28  init_small.o [4]
  .iar.init_table    const    0x00868e    0xa  - Linker created -
  .near_func.text    ro code  0x008698   0x1f  memcpy.o [4]
  .near_func.text    ro code  0x0086b7   0x1b  stm8s_it.o [1]
  .near_func.text    ro code  0x0086d2   0x16  stm8s_spi.o [1]
  .near_func.text    ro code  0x0086e8   0x15  stm8s_spi.o [1]
  .near_func.text    ro code  0x0086fd   0x14  init.o [4]
  .near_func.text    ro code  0x008711   0x14  __dbg_xxexit.o [3]
  .near_func.text    ro code  0x008725   0x13  cstartup.o [4]
  Initializer bytes  const    0x008738    0xe  <for P2-1>
  .near_func.text    ro code  0x008746    0xd  move.o [4]
  .near_func.text    ro code  0x008753    0xb  stm8s_clk.o [1]
  .near_func.text    ro code  0x00875e    0xb  stm8s_gpio.o [1]
  .near_func.text    ro code  0x008769    0xb  stm8s_spi.o [1]
  .near_func.text    ro code  0x008774    0x9  stm8s_clk.o [1]
  .near.rodata       const    0x00877d    0x7  eeprom.o [1]
  .near_func.text    ro code  0x008784    0x7  stm8s_gpio.o [1]
  .near_func.text    ro code  0x00878b    0x5  cexit.o [4]
  .near_func.text    ro code  0x008790    0x3  interrupt.o [4]
  .near_func.text    ro code  0x008793    0x3  low_level_init.o [4]
  .near_func.text    ro code  0x008796    0x3  exit.o [4]
  .near_func.text    ro code  0x008799    0x3  unhandled_exception.o [4]
  .near_func.text    ro code  0x00879c    0x2  main.o [1]
  .near_func.text    ro code  0x00879e    0x1  stm8s_it.o [1]
  .near_func.text    ro code  0x00879f    0x1  stm8s_it.o [1]
  .near_func.text    ro code  0x0087a0    0x1  stm8s_it.o [1]
  .near_func.text    ro code  0x0087a1    0x1  stm8s_it.o [1]
  .near_func.text    ro code  0x0087a2    0x1  stm8s_it.o [1]
  .near_func.text    ro code  0x0087a3    0x1  stm8s_it.o [1]
  .near_func.text    ro code  0x0087a4    0x1  stm8s_it.o [1]
  .near_func.text    ro code  0x0087a5    0x1  stm8s_it.o [1]
  .near_func.text    ro code  0x0087a6    0x1  stm8s_it.o [1]
  .near_func.text    ro code  0x0087a7    0x1  stm8s_it.o [1]
  .near_func.text    ro code  0x0087a8    0x1  stm8s_it.o [1]
  .near_func.text    ro code  0x0087a9    0x1  stm8s_it.o [1]
  .near_func.text    ro code  0x0087aa    0x1  stm8s_it.o [1]
  .near_func.text    ro code  0x0087ab    0x1  stm8s_it.o [1]
  .near_func.text    ro code  0x0087ac    0x1  stm8s_it.o [1]
  .near_func.text    ro code  0x0087ad    0x1  stm8s_it.o [1]
  .near_func.text    ro code  0x0087ae    0x1  stm8s_it.o [1]
  .near_func.text    ro code  0x0087af    0x1  stm8s_it.o [1]
  .near_func.text    ro code  0x0087b0    0x1  stm8s_it.o [1]
  .near_func.text    ro code  0x0087b1    0x1  __dbg_break.o [3]
                            - 0x0087b2  0x732


*******************************************************************************
*** INIT TABLE
***

          Address   Size
          -------   ----
Copy (__iar_copy_init2)
    1 source range, total size 0xe:
          0x008738   0xe
    1 destination range, total size 0xe:
          0x000010   0xe



*******************************************************************************
*** MODULE SUMMARY
***

    Module                 ro code  ro data  rw data
    ------                 -------  -------  -------
E:\workspace\Embedded\STM8\Project\nRF\Receiver\Debug\Obj: [1]
    eeprom.o                   146       14        7
    main.o                      62        7        7
    nRF24L01.o                  58
    stm8s_clk.o                395       96
    stm8s_gpio.o               195       97
    stm8s_it.o                  46
    stm8s_spi.o                282       96
    ------------------------------------------------
    Total:                   1 184      310       14

command line: [2]
    ------------------------------------------------
    Total:

dbgstm8smd.a: [3]
    __dbg_break.o                1
    __dbg_xxexit.o              20
    ------------------------------------------------
    Total:                      21

dlstm8smn.a: [4]
    cexit.o                      5
    cstartup.o                  19
    exit.o                       3
    init.o                      20
    init_small.o                40
    interrupt.o                  3      128
    low_level_init.o             3
    memcpy.o                    31
    move.o                      13
    unhandled_exception.o        3
    vreg_util.o                177
    vregs.o                                       16
    ------------------------------------------------
    Total:                     317      128       16

    Linker created                       10      256
----------------------------------------------------
    Grand Total:             1 522      448      286


*******************************************************************************
*** ENTRY LIST
***

Entry                    Address  Size  Type      Object
-----                    -------  ----  ----      ------
.iar.init_table$$Base   0x00868e         --   Gb  - Linker created -
.iar.init_table$$Limit  0x008698         --   Gb  - Linker created -
?b0                     0x000000        Data  Gb  vregs.o [4]
?b1                     0x000001        Data  Gb  vregs.o [4]
?b10                    0x00000a        Data  Gb  vregs.o [4]
?b11                    0x00000b        Data  Gb  vregs.o [4]
?b12                    0x00000c        Data  Gb  vregs.o [4]
?b13                    0x00000d        Data  Gb  vregs.o [4]
?b14                    0x00000e        Data  Gb  vregs.o [4]
?b15                    0x00000f        Data  Gb  vregs.o [4]
?b2                     0x000002        Data  Gb  vregs.o [4]
?b3                     0x000003        Data  Gb  vregs.o [4]
?b4                     0x000004        Data  Gb  vregs.o [4]
?b5                     0x000005        Data  Gb  vregs.o [4]
?b6                     0x000006        Data  Gb  vregs.o [4]
?b7                     0x000007        Data  Gb  vregs.o [4]
?b8                     0x000008        Data  Gb  vregs.o [4]
?b9                     0x000009        Data  Gb  vregs.o [4]
?e0                     0x000001        Data  Gb  vregs.o [4]
?e1                     0x000005        Data  Gb  vregs.o [4]
?e2                     0x000009        Data  Gb  vregs.o [4]
?e3                     0x00000d        Data  Gb  vregs.o [4]
?epilogue_l2            0x008393        Code  Gb  vreg_util.o [4]
?epilogue_l2_l3         0x008390        Code  Gb  vreg_util.o [4]
?epilogue_l2_w6         0x008397        Code  Gb  vreg_util.o [4]
?epilogue_w4            0x00839e        Code  Gb  vreg_util.o [4]
?l0                     0x000000        Data  Gb  vregs.o [4]
?l1                     0x000004        Data  Gb  vregs.o [4]
?l2                     0x000008        Data  Gb  vregs.o [4]
?l3                     0x00000c        Data  Gb  vregs.o [4]
?mov_w2_w1              0x0083a2        Code  Gb  vreg_util.o [4]
?move1616_v_x_y_a       0x008746        Code  Gb  move.o [4]
?pop_l0                 0x00835c        Code  Gb  vreg_util.o [4]
?pop_l1                 0x008367        Code  Gb  vreg_util.o [4]
?pop_l2                 0x008372        Code  Gb  vreg_util.o [4]
?pop_l3                 0x00837d        Code  Gb  vreg_util.o [4]
?pop_w4                 0x008315        Code  Gb  vreg_util.o [4]
?pop_w6                 0x00831c        Code  Gb  vreg_util.o [4]
?push_l0                0x00832b        Code  Gb  vreg_util.o [4]
?push_l1                0x008330        Code  Gb  vreg_util.o [4]
?push_l2                0x008335        Code  Gb  vreg_util.o [4]
?push_l3                0x00833a        Code  Gb  vreg_util.o [4]
?push_w4                0x0082f8        Code  Gb  vreg_util.o [4]
?push_w6                0x0082fd        Code  Gb  vreg_util.o [4]
?w0                     0x000000        Data  Gb  vregs.o [4]
?w1                     0x000002        Data  Gb  vregs.o [4]
?w2                     0x000004        Data  Gb  vregs.o [4]
?w3                     0x000006        Data  Gb  vregs.o [4]
?w4                     0x000008        Data  Gb  vregs.o [4]
?w5                     0x00000a        Data  Gb  vregs.o [4]
?w6                     0x00000c        Data  Gb  vregs.o [4]
?w7                     0x00000e        Data  Gb  vregs.o [4]
ADC1_IRQHandler         0x0087ae   0x1  Code  Gb  stm8s_it.o [1]
AWU_IRQHandler          0x0087a0   0x1  Code  Gb  stm8s_it.o [1]
CLK_ClockSwitchConfig   0x008164  0xe3  Code  Gb  stm8s_clk.o [1]
CLK_DeInit              0x008630  0x36  Code  Gb  stm8s_clk.o [1]
CLK_IRQHandler          0x0087a1   0x1  Code  Gb  stm8s_it.o [1]
CLK_SYSCLKConfig        0x0084ca  0x5e  Code  Gb  stm8s_clk.o [1]
CSTACK$$Base            0x000300         --   Gb  - Linker created -
CSTACK$$Limit           0x000400         --   Gb  - Linker created -
EEPROM_EEC_IRQHandler   0x0087b0   0x1  Code  Gb  stm8s_it.o [1]
EEPROM_Write_Value      0x008528  0x4a  Code  Gb  eeprom.o [1]
EXTI_PORTA_IRQHandler   0x0087a2   0x1  Code  Gb  stm8s_it.o [1]
EXTI_PORTB_IRQHandler   0x0086b7  0x1b  Code  Gb  stm8s_it.o [1]
EXTI_PORTC_IRQHandler   0x0087a3   0x1  Code  Gb  stm8s_it.o [1]
EXTI_PORTD_IRQHandler   0x0087a4   0x1  Code  Gb  stm8s_it.o [1]
EXTI_PORTE_IRQHandler   0x0087a5   0x1  Code  Gb  stm8s_it.o [1]
GPIO_Init               0x008247  0xb1  Code  Gb  stm8s_gpio.o [1]
GPIO_WriteReverse       0x008784   0x7  Code  Gb  stm8s_gpio.o [1]
I2C_IRQHandler          0x0087ad   0x1  Code  Gb  stm8s_it.o [1]
INTVEC$$Base            0x008000         --   Gb  - Linker created -
INTVEC$$Limit           0x008080         --   Gb  - Linker created -
Region$$Table$$Base     0x00868e         --   Gb  - Linker created -
Region$$Table$$Limit    0x008698         --   Gb  - Linker created -
SPI_Cmd                 0x0086d2  0x16  Code  Gb  stm8s_spi.o [1]
SPI_DeInit              0x0086e8  0x15  Code  Gb  stm8s_spi.o [1]
SPI_IRQHandler          0x0087a6   0x1  Code  Gb  stm8s_it.o [1]
SPI_Init                0x008080  0xe4  Code  Gb  stm8s_spi.o [1]
TIM1_CAP_COM_IRQHandler
                        0x0087a8   0x1  Code  Gb  stm8s_it.o [1]
TIM1_UPD_OVF_TRG_BRK_IRQHandler
                        0x0087a7   0x1  Code  Gb  stm8s_it.o [1]
TIM2_CAP_COM_IRQHandler
                        0x0087aa   0x1  Code  Gb  stm8s_it.o [1]
TIM2_UPD_OVF_BRK_IRQHandler
                        0x0087a9   0x1  Code  Gb  stm8s_it.o [1]
TIM4_UPD_OVF_IRQHandler
                        0x0087af   0x1  Code  Gb  stm8s_it.o [1]
TLI_IRQHandler          0x00879f   0x1  Code  Gb  stm8s_it.o [1]
TRAP_IRQHandler         0x00879e   0x1  Code  Gb  stm8s_it.o [1]
UART1_RX_IRQHandler     0x0087ac   0x1  Code  Gb  stm8s_it.o [1]
UART1_TX_IRQHandler     0x0087ab   0x1  Code  Gb  stm8s_it.o [1]
VerifyEEPROMData        0x008572  0x48  Code  Gb  eeprom.o [1]
__DebugBreak            0x0087b1   0x1  Code  Gb  __dbg_break.o [3]
__exit                  0x008711  0x14  Code  Gb  __dbg_xxexit.o [3]
__iar_copy_init2        0x008666        Code  Gb  init_small.o [4]
__iar_data_init2        0x0086fd  0x14  Code  Gb  init.o [4]
__iar_program_start     0x008725        Code  Gb  cstartup.o [4]
__iar_unhandled_exception
                        0x008799        Code  Gb  unhandled_exception.o [4]
__intvec                0x008000        Data  Gb  interrupt.o [4]
__low_level_init        0x008793   0x3  Code  Gb  low_level_init.o [4]
_exit                   0x00878b        Code  Gb  cexit.o [4]
_interrupt_1            0x00879e        Code  Gb  stm8s_it.o [1]
_interrupt_12           0x0087a6        Code  Gb  stm8s_it.o [1]
_interrupt_13           0x0087a7        Code  Gb  stm8s_it.o [1]
_interrupt_14           0x0087a8        Code  Gb  stm8s_it.o [1]
_interrupt_15           0x0087a9        Code  Gb  stm8s_it.o [1]
_interrupt_16           0x0087aa        Code  Gb  stm8s_it.o [1]
_interrupt_19           0x0087ab        Code  Gb  stm8s_it.o [1]
_interrupt_2            0x00879f        Code  Gb  stm8s_it.o [1]
_interrupt_20           0x0087ac        Code  Gb  stm8s_it.o [1]
_interrupt_21           0x0087ad        Code  Gb  stm8s_it.o [1]
_interrupt_24           0x0087ae        Code  Gb  stm8s_it.o [1]
_interrupt_25           0x0087af        Code  Gb  stm8s_it.o [1]
_interrupt_26           0x0087b0        Code  Gb  stm8s_it.o [1]
_interrupt_3            0x0087a0        Code  Gb  stm8s_it.o [1]
_interrupt_4            0x0087a1        Code  Gb  stm8s_it.o [1]
_interrupt_5            0x0087a2        Code  Gb  stm8s_it.o [1]
_interrupt_6            0x0086b7        Code  Gb  stm8s_it.o [1]
_interrupt_7            0x0087a3        Code  Gb  stm8s_it.o [1]
_interrupt_8            0x0087a4        Code  Gb  stm8s_it.o [1]
_interrupt_9            0x0087a5        Code  Gb  stm8s_it.o [1]
assert_failed           0x00879c   0x2  Code  Gb  main.o [1]
data                    0x000010   0x7  Data  Lc  main.o [1]
eeprom_data             0x000017   0x7  Data  Gb  eeprom.o [1]
exit                    0x008796   0x3  Code  Gb  exit.o [4]
main                    0x0085ba  0x3c  Code  Gb  main.o [1]
memcpy                  0x008698  0x1f  Code  Gb  memcpy.o [4]
nRF24L01_Pin_Config     0x0085f6  0x3a  Code  Gb  nRF24L01.o [1]


[1] = E:\workspace\Embedded\STM8\Project\nRF\Receiver\Debug\Obj
[2] = command line
[3] = dbgstm8smd.a
[4] = dlstm8smn.a

  1 522 bytes of readonly  code memory
    448 bytes of readonly  data memory
    286 bytes of readwrite data memory

Errors: none
Warnings: none
