###############################################################################
#
# IAR ELF Linker V8.20.1.14183/W32 for ARM                19/Nov/2017  18:54:52
# Copyright 2007-2017 IAR Systems AB.
#
#    Output file  =  
#        E:\GitHub\workspace\STM32F1\Projects\DS3231\EWARM\Test\Exe\Test.out
#    Map file     =  
#        E:\GitHub\workspace\STM32F1\Projects\DS3231\EWARM\Test\List\Test.map
#    Command line =  
#        -f C:\Users\Nam\AppData\Local\Temp\EW3172.tmp
#        (E:\GitHub\workspace\STM32F1\Projects\DS3231\EWARM\Test\Obj\DS3231.o
#        E:\GitHub\workspace\STM32F1\Projects\DS3231\EWARM\Test\Obj\main.o
#        E:\GitHub\workspace\STM32F1\Projects\DS3231\EWARM\Test\Obj\startup_stm32f103xb.o
#        E:\GitHub\workspace\STM32F1\Projects\DS3231\EWARM\Test\Obj\stm32f1xx_hal.o
#        E:\GitHub\workspace\STM32F1\Projects\DS3231\EWARM\Test\Obj\stm32f1xx_hal_cortex.o
#        E:\GitHub\workspace\STM32F1\Projects\DS3231\EWARM\Test\Obj\stm32f1xx_hal_dma.o
#        E:\GitHub\workspace\STM32F1\Projects\DS3231\EWARM\Test\Obj\stm32f1xx_hal_flash.o
#        E:\GitHub\workspace\STM32F1\Projects\DS3231\EWARM\Test\Obj\stm32f1xx_hal_flash_ex.o
#        E:\GitHub\workspace\STM32F1\Projects\DS3231\EWARM\Test\Obj\stm32f1xx_hal_gpio.o
#        E:\GitHub\workspace\STM32F1\Projects\DS3231\EWARM\Test\Obj\stm32f1xx_hal_gpio_ex.o
#        E:\GitHub\workspace\STM32F1\Projects\DS3231\EWARM\Test\Obj\stm32f1xx_hal_i2c.o
#        E:\GitHub\workspace\STM32F1\Projects\DS3231\EWARM\Test\Obj\stm32f1xx_hal_msp.o
#        E:\GitHub\workspace\STM32F1\Projects\DS3231\EWARM\Test\Obj\stm32f1xx_hal_pwr.o
#        E:\GitHub\workspace\STM32F1\Projects\DS3231\EWARM\Test\Obj\stm32f1xx_hal_rcc.o
#        E:\GitHub\workspace\STM32F1\Projects\DS3231\EWARM\Test\Obj\stm32f1xx_hal_rcc_ex.o
#        E:\GitHub\workspace\STM32F1\Projects\DS3231\EWARM\Test\Obj\stm32f1xx_hal_tim.o
#        E:\GitHub\workspace\STM32F1\Projects\DS3231\EWARM\Test\Obj\stm32f1xx_hal_tim_ex.o
#        E:\GitHub\workspace\STM32F1\Projects\DS3231\EWARM\Test\Obj\stm32f1xx_it.o
#        E:\GitHub\workspace\STM32F1\Projects\DS3231\EWARM\Test\Obj\system_stm32f1xx.o
#        --redirect _Printf=_PrintfFull --redirect _Scanf=_ScanfFull -o
#        E:\GitHub\workspace\STM32F1\Projects\DS3231\EWARM\Test\Exe\Test.out
#        --map
#        E:\GitHub\workspace\STM32F1\Projects\DS3231\EWARM\Test\List\Test.map
#        --config
#        E:\GitHub\workspace\STM32F1\Projects\DS3231\EWARM/stm32f103xb_flash.icf
#        --semihosting --entry __iar_program_start --vfe --text_out locale)
#
###############################################################################

*******************************************************************************
*** RUNTIME MODEL ATTRIBUTES
***

CppFlavor       = *
__Heap_Handler  = NoFree
__SystemLibrary = DLib
__dlib_version  = 6


*******************************************************************************
*** HEAP SELECTION
***

The no free heap was selected because no calls to memory
deallocation functions were found in the application.


*******************************************************************************
*** PLACEMENT SUMMARY
***

"A0":  place at 0x08000000 { ro section .intvec };
"P1":  place in [from 0x08000000 to 0x0801ffff] { ro };
define block CSTACK with size = 1K, alignment = 8 { };
define block HEAP with size = 512, alignment = 8 { };
"P2":  place in [from 0x20000000 to 0x20004fff] {
          rw, block CSTACK, block HEAP };
initialize by copy { rw };

  Section            Kind        Address    Size  Object
  -------            ----        -------    ----  ------
"A0":                                       0xec
  .intvec            ro code  0x08000000    0xec  startup_stm32f103xb.o [1]
                            - 0x080000ec    0xec

"P1":                                     0x2f70
  .text              ro code  0x080000ec  0x19fe  stm32f1xx_hal_i2c.o [1]
  .rodata            const    0x08001aea     0x2  stm32f1xx_hal_rcc.o [1]
  .text              ro code  0x08001aec    0xb0  stm32f1xx_hal_msp.o [1]
  .text              ro code  0x08001b9c   0x6d4  stm32f1xx_hal_rcc.o [1]
  .text              ro code  0x08002270     0xc  stm32f1xx_hal.o [1]
  .text              ro code  0x0800227c     0x2  stm32f1xx_hal_i2c.o [1]
  .text              ro code  0x0800227e     0x2  stm32f1xx_hal_i2c.o [1]
  .text              ro code  0x08002280   0x1e6  main.o [1]
  .text              ro code  0x08002466     0x2  stm32f1xx_hal_i2c.o [1]
  .text              ro code  0x08002468     0x2  stm32f1xx_hal_i2c.o [1]
  .text              ro code  0x0800246a     0x2  stm32f1xx_hal_i2c.o [1]
  .text              ro code  0x0800246c     0x2  stm32f1xx_hal_i2c.o [1]
  .text              ro code  0x0800246e     0x2  stm32f1xx_hal_i2c.o [1]
  .text              ro code  0x08002470   0x2bc  stm32f1xx_hal_dma.o [1]
  .text              ro code  0x0800272c     0x2  stm32f1xx_hal_i2c.o [1]
  .text              ro code  0x0800272e     0x2  stm32f1xx_hal_i2c.o [1]
  .text              ro code  0x08002730   0x270  stm32f1xx_hal_gpio.o [1]
  .text              ro code  0x080029a0   0x146  stm32f1xx_hal_cortex.o [1]
  .text              ro code  0x08002ae8    0x28  stm32f1xx_hal.o [1]
  .text              ro code  0x08002b10    0x86  ABImemcpy.o [4]
  .text              ro code  0x08002b98    0xcc  DS3231.o [1]
  .text              ro code  0x08002c64    0x70  no_free_heap0.o [3]
  .text              ro code  0x08002cd4    0x1e  stm32f1xx_hal.o [1]
  .text              ro code  0x08002cf4    0x2c  xgetmemchunk.o [3]
  .text              ro code  0x08002d20    0x12  xxmemxmemzero.o [3]
  .text              ro code  0x08002d34    0x68  system_stm32f1xx.o [1]
  .rodata            const    0x08002d9c    0x50  stm32f1xx_hal_msp.o [1]
  .text              ro code  0x08002dec    0x40  zero_init3.o [4]
  .rodata            const    0x08002e2c    0x38  main.o [1]
  .text              ro code  0x08002e64    0x38  stm32f1xx_it.o [1]
  .text              ro code  0x08002e9c    0x10  stm32f1xx_hal.o [1]
  .text              ro code  0x08002eac    0x2c  copy_init3.o [4]
  .text              ro code  0x08002ed8    0x28  data_init.o [4]
  .iar.init_table    const    0x08002f00    0x24  - Linker created -
  .text              ro code  0x08002f24    0x1e  cmain.o [4]
  .text              ro code  0x08002f42     0x4  low_level_init.o [3]
  .text              ro code  0x08002f46     0x4  exit.o [3]
  .text              ro code  0x08002f4c     0xa  cexit.o [4]
  .text              ro code  0x08002f58    0x14  exit.o [5]
  .rodata            const    0x08002f6c    0x10  stm32f1xx_hal_rcc.o [1]
  .rodata            const    0x08002f7c    0x10  system_stm32f1xx.o [1]
  .text              ro code  0x08002f8c    0x10  startup_stm32f103xb.o [1]
  .text              ro code  0x08002f9c     0xc  cstartup_M.o [4]
  .rodata            const    0x08002fa8     0x8  system_stm32f1xx.o [1]
  Initializer bytes  const    0x08002fb0     0x8  <for P2-1>
  .text              ro code  0x08002fb8     0x4  startup_stm32f103xb.o [1]
  .text              ro code  0x08002fbc     0x4  startup_stm32f103xb.o [1]
  .text              ro code  0x08002fc0     0x4  startup_stm32f103xb.o [1]
  .text              ro code  0x08002fc4     0x4  startup_stm32f103xb.o [1]
  .text              ro code  0x08002fc8     0x4  startup_stm32f103xb.o [1]
  .text              ro code  0x08002fcc     0x4  startup_stm32f103xb.o [1]
  .text              ro code  0x08002fd0     0x4  startup_stm32f103xb.o [1]
  .text              ro code  0x08002fd4     0x4  startup_stm32f103xb.o [1]
  .text              ro code  0x08002fd8     0x4  startup_stm32f103xb.o [1]
  .text              ro code  0x08002fdc     0x4  startup_stm32f103xb.o [1]
  .text              ro code  0x08002fe0     0x4  startup_stm32f103xb.o [1]
  .text              ro code  0x08002fe4     0x4  startup_stm32f103xb.o [1]
  .text              ro code  0x08002fe8     0x4  startup_stm32f103xb.o [1]
  .text              ro code  0x08002fec     0x4  startup_stm32f103xb.o [1]
  .text              ro code  0x08002ff0     0x4  startup_stm32f103xb.o [1]
  .text              ro code  0x08002ff4     0x4  startup_stm32f103xb.o [1]
  .text              ro code  0x08002ff8     0x4  startup_stm32f103xb.o [1]
  .text              ro code  0x08002ffc     0x4  startup_stm32f103xb.o [1]
  .text              ro code  0x08003000     0x4  startup_stm32f103xb.o [1]
  .text              ro code  0x08003004     0x4  startup_stm32f103xb.o [1]
  .text              ro code  0x08003008     0x4  startup_stm32f103xb.o [1]
  .text              ro code  0x0800300c     0x4  startup_stm32f103xb.o [1]
  .text              ro code  0x08003010     0x4  startup_stm32f103xb.o [1]
  .text              ro code  0x08003014     0x4  startup_stm32f103xb.o [1]
  .text              ro code  0x08003018     0x4  startup_stm32f103xb.o [1]
  .text              ro code  0x0800301c     0x4  startup_stm32f103xb.o [1]
  .text              ro code  0x08003020     0x4  startup_stm32f103xb.o [1]
  .text              ro code  0x08003024     0x4  startup_stm32f103xb.o [1]
  .text              ro code  0x08003028     0x4  startup_stm32f103xb.o [1]
  .text              ro code  0x0800302c     0x4  startup_stm32f103xb.o [1]
  .text              ro code  0x08003030     0x4  startup_stm32f103xb.o [1]
  .text              ro code  0x08003034     0x4  startup_stm32f103xb.o [1]
  .text              ro code  0x08003038     0x4  startup_stm32f103xb.o [1]
  .text              ro code  0x0800303c     0x4  startup_stm32f103xb.o [1]
  .text              ro code  0x08003040     0x4  startup_stm32f103xb.o [1]
  .text              ro code  0x08003044     0x4  startup_stm32f103xb.o [1]
  .text              ro code  0x08003048     0x4  startup_stm32f103xb.o [1]
  .text              ro code  0x0800304c     0x4  startup_stm32f103xb.o [1]
  .text              ro code  0x08003050     0x4  startup_stm32f103xb.o [1]
  .text              ro code  0x08003054     0x4  startup_stm32f103xb.o [1]
  .text              ro code  0x08003058     0x4  startup_stm32f103xb.o [1]
  .rodata            const    0x0800305c     0x0  zero_init3.o [4]
  .rodata            const    0x0800305c     0x0  copy_init3.o [4]
                            - 0x0800305c  0x2f70

"P2", part 1 of 3:                           0x8
  P2-1                        0x20000000     0x5  <Init block>
    .data            inited   0x20000000     0x4  system_stm32f1xx.o [1]
    .data            inited   0x20000004     0x1  main.o [1]
                            - 0x20000005     0x5

"P2", part 2 of 3:                          0xb0
  .bss               zero     0x20000008    0x54  main.o [1]
  .bss               zero     0x2000005c    0x44  main.o [1]
  .bss               zero     0x200000a0     0x8  main.o [1]
  .bss               zero     0x200000a8     0x4  stm32f1xx_hal.o [1]
  .bss               zero     0x200000ac     0x4  no_free_heap0.o [3]
  .bss               zero     0x200000b0     0x4  xgetmemchunk.o [3]
  .bss               zero     0x200000b4     0x1  main.o [1]
                            - 0x200000b5    0xad

"P2", part 3 of 3:                         0x600
  CSTACK                      0x200000b8   0x400  <Block>
    CSTACK           uninit   0x200000b8   0x400  <Block tail>
  HEAP                        0x200004b8   0x200  <Block>
    HEAP             uninit   0x200004b8   0x200  <Block tail>
                            - 0x200006b8   0x600


*******************************************************************************
*** INIT TABLE
***

          Address     Size
          -------     ----
Zero (__iar_zero_init3)
    1 destination range, total size 0xad:
          0x20000008  0xad

Copy (__iar_copy_init3)
    1 source range, total size 0x8 (160% of destination):
          0x08002fb0   0x8
    1 destination range, total size 0x5:
          0x20000000   0x5



*******************************************************************************
*** MODULE SUMMARY
***

    Module                  ro code  ro data  rw data
    ------                  -------  -------  -------
E:\GitHub\workspace\STM32F1\Projects\DS3231\EWARM\Test\Obj: [1]
    DS3231.o                    204
    main.o                      486       57      162
    startup_stm32f103xb.o       416
    stm32f1xx_hal.o              98                 4
    stm32f1xx_hal_cortex.o      326
    stm32f1xx_hal_dma.o         700
    stm32f1xx_hal_gpio.o        624
    stm32f1xx_hal_i2c.o       6 672
    stm32f1xx_hal_msp.o         176       80
    stm32f1xx_hal_rcc.o       1 748       18
    stm32f1xx_it.o               56
    system_stm32f1xx.o          104       28        4
    -------------------------------------------------
    Total:                   11 610      183      170

command line: [2]
    -------------------------------------------------
    Total:

dl7M_tlf.a: [3]
    exit.o                        4
    low_level_init.o              4
    no_free_heap0.o             112                 4
    xgetmemchunk.o               44                 4
    xxmemxmemzero.o              18
    -------------------------------------------------
    Total:                      182                 8

rt7M_tl.a: [4]
    ABImemcpy.o                 134
    cexit.o                      10
    cmain.o                      30
    copy_init3.o                 44
    cstartup_M.o                 12
    data_init.o                  40
    zero_init3.o                 64
    -------------------------------------------------
    Total:                      334

shb_l.a: [5]
    exit.o                       20
    -------------------------------------------------
    Total:                       20

    Gaps                         12
    Linker created                        39    1 536
-----------------------------------------------------
    Grand Total:             12 158      222    1 714


*******************************************************************************
*** ENTRY LIST
***

Entry                      Address   Size  Type      Object
-----                      -------   ----  ----      ------
.iar.init_table$$Base   0x08002f00          --   Gb  - Linker created -
.iar.init_table$$Limit  0x08002f24          --   Gb  - Linker created -
?main                   0x08002f25         Code  Gb  cmain.o [4]
AHBPrescTable           0x08002f7c   0x10  Data  Gb  system_stm32f1xx.o [1]
APBPrescTable           0x08002fa8    0x8  Data  Gb  system_stm32f1xx.o [1]
BusFault_Handler        0x08002e6b    0x2  Code  Gb  stm32f1xx_it.o [1]
CSTACK$$Base            0x200000b8          --   Gb  - Linker created -
CSTACK$$Limit           0x200004b8          --   Gb  - Linker created -
DMA1_Channel7_IRQHandler
                        0x08002e81    0xa  Code  Gb  stm32f1xx_it.o [1]
DebugMon_Handler        0x08002e71    0x2  Code  Gb  stm32f1xx_it.o [1]
HAL_DMA_Abort_IT        0x080024eb   0xb4  Code  Gb  stm32f1xx_hal_dma.o [1]
HAL_DMA_IRQHandler      0x0800259f  0x16a  Code  Gb  stm32f1xx_hal_dma.o [1]
HAL_DMA_Init            0x08002471   0x7a  Code  Gb  stm32f1xx_hal_dma.o [1]
HAL_Delay               0x08002cd5   0x1e  Code  Wk  stm32f1xx_hal.o [1]
HAL_GPIO_Init           0x08002731  0x22e  Code  Gb  stm32f1xx_hal_gpio.o [1]
HAL_GetTick             0x08002271    0xc  Code  Wk  stm32f1xx_hal.o [1]
HAL_I2C_EV_IRQHandler   0x08000a71  0x14a  Code  Gb  stm32f1xx_hal_i2c.o [1]
HAL_I2C_Init            0x080000ed  0x126  Code  Gb  stm32f1xx_hal_i2c.o [1]
HAL_I2C_IsDeviceReady   0x080008a5  0x1c4  Code  Gb  stm32f1xx_hal_i2c.o [1]
HAL_I2C_MemRxCpltCallback
                        0x080022f9   0x10  Code  Gb  main.o [1]
HAL_I2C_Mem_Read        0x080003a9  0x408  Code  Gb  stm32f1xx_hal_i2c.o [1]
HAL_I2C_Mem_Read_IT     0x080007b1   0xec  Code  Gb  stm32f1xx_hal_i2c.o [1]
HAL_I2C_Mem_Write       0x0800021d  0x18c  Code  Gb  stm32f1xx_hal_i2c.o [1]
HAL_I2C_MspInit         0x08001aed   0x98  Code  Gb  stm32f1xx_hal_msp.o [1]
HAL_IncTick             0x08002e9d   0x10  Code  Wk  stm32f1xx_hal.o [1]
HAL_InitTick            0x08002ae9   0x28  Code  Wk  stm32f1xx_hal.o [1]
HAL_NVIC_EnableIRQ      0x08002a83    0xe  Code  Gb  stm32f1xx_hal_cortex.o [1]
HAL_NVIC_SetPriority    0x08002a59   0x2a  Code  Gb  stm32f1xx_hal_cortex.o [1]
HAL_RCC_ClockConfig     0x08001ff1  0x188  Code  Gb  stm32f1xx_hal_rcc.o [1]
HAL_RCC_GetHCLKFreq     0x080021e9    0x6  Code  Gb  stm32f1xx_hal_rcc.o [1]
HAL_RCC_GetPCLK1Freq    0x080021ef   0x16  Code  Gb  stm32f1xx_hal_rcc.o [1]
HAL_RCC_GetSysClockFreq
                        0x08002179   0x70  Code  Gb  stm32f1xx_hal_rcc.o [1]
HAL_RCC_OscConfig       0x08001b9d  0x454  Code  Gb  stm32f1xx_hal_rcc.o [1]
HAL_SYSTICK_CLKSourceConfig
                        0x08002a9d   0x20  Code  Gb  stm32f1xx_hal_cortex.o [1]
HAL_SYSTICK_Config      0x08002a91    0xc  Code  Gb  stm32f1xx_hal_cortex.o [1]
HAL_SYSTICK_IRQHandler  0x08002add    0x8  Code  Gb  stm32f1xx_hal_cortex.o [1]
HEAP$$Base              0x200004b8          --   Gb  - Linker created -
HEAP$$Limit             0x200006b8          --   Gb  - Linker created -
HardFault_Handler       0x08002e67    0x2  Code  Gb  stm32f1xx_it.o [1]
I2C1_EV_IRQHandler      0x08002e8b    0xa  Code  Gb  stm32f1xx_it.o [1]
I2C_DMAAbort            0x0800181d   0x6e  Code  Lc  stm32f1xx_hal_i2c.o [1]
I2C_ITError             0x08001455  0x156  Code  Lc  stm32f1xx_hal_i2c.o [1]
I2C_IsAcknowledgeFailed
                        0x08001abd   0x2e  Code  Lc  stm32f1xx_hal_i2c.o [1]
I2C_MasterReceive_BTF   0x08000e91   0xfa  Code  Lc  stm32f1xx_hal_i2c.o [1]
I2C_MasterReceive_RXNE  0x08000db9   0xd8  Code  Lc  stm32f1xx_hal_i2c.o [1]
I2C_MasterTransmit_BTF  0x08000d11   0xa2  Code  Lc  stm32f1xx_hal_i2c.o [1]
I2C_MasterTransmit_TXE  0x08000bbb  0x14e  Code  Lc  stm32f1xx_hal_i2c.o [1]
I2C_Master_ADD10        0x0800101f    0xe  Code  Lc  stm32f1xx_hal_i2c.o [1]
I2C_Master_ADDR         0x0800102d  0x218  Code  Lc  stm32f1xx_hal_i2c.o [1]
I2C_Master_SB           0x08000f91   0x8e  Code  Lc  stm32f1xx_hal_i2c.o [1]
I2C_RequestMemoryRead   0x080016a5  0x16e  Code  Lc  stm32f1xx_hal_i2c.o [1]
I2C_RequestMemoryWrite  0x080015b9   0xec  Code  Lc  stm32f1xx_hal_i2c.o [1]
I2C_SlaveReceive_BTF    0x080012f7   0x1e  Code  Lc  stm32f1xx_hal_i2c.o [1]
I2C_SlaveReceive_RXNE   0x080012ad   0x4a  Code  Lc  stm32f1xx_hal_i2c.o [1]
I2C_SlaveTransmit_BTF   0x0800128f   0x1e  Code  Lc  stm32f1xx_hal_i2c.o [1]
I2C_SlaveTransmit_TXE   0x08001245   0x4a  Code  Lc  stm32f1xx_hal_i2c.o [1]
I2C_Slave_ADDR          0x08001315   0x34  Code  Lc  stm32f1xx_hal_i2c.o [1]
I2C_Slave_STOPF         0x08001349  0x100  Code  Lc  stm32f1xx_hal_i2c.o [1]
I2C_WaitOnBTFFlagUntilTimeout
                        0x08001a09   0x52  Code  Lc  stm32f1xx_hal_i2c.o [1]
I2C_WaitOnFlagUntilTimeout
                        0x0800188b   0x8a  Code  Lc  stm32f1xx_hal_i2c.o [1]
I2C_WaitOnMasterAddressFlagUntilTimeout
                        0x08001915   0xa2  Code  Lc  stm32f1xx_hal_i2c.o [1]
I2C_WaitOnRXNEFlagUntilTimeout
                        0x08001a5b   0x62  Code  Lc  stm32f1xx_hal_i2c.o [1]
I2C_WaitOnTXEFlagUntilTimeout
                        0x080019b7   0x52  Code  Lc  stm32f1xx_hal_i2c.o [1]
MX_DMA_Init             0x080023df   0x2c  Code  Lc  main.o [1]
MX_GPIO_Init            0x0800240b   0x36  Code  Lc  main.o [1]
MX_I2C1_Init            0x08002391   0x4e  Code  Lc  main.o [1]
MemManage_Handler       0x08002e69    0x2  Code  Gb  stm32f1xx_it.o [1]
NMI_Handler             0x08002e65    0x2  Code  Gb  stm32f1xx_it.o [1]
NVIC_EnableIRQ          0x080029ab   0x16  Code  Lc  stm32f1xx_hal_cortex.o [1]
NVIC_EncodePriority     0x080029e7   0x42  Code  Lc  stm32f1xx_hal_cortex.o [1]
NVIC_GetPriorityGrouping
                        0x080029a1    0xa  Code  Lc  stm32f1xx_hal_cortex.o [1]
NVIC_SetPriority        0x080029c1   0x26  Code  Lc  stm32f1xx_hal_cortex.o [1]
PendSV_Handler          0x08002e73    0x2  Code  Gb  stm32f1xx_it.o [1]
RCC_Delay               0x08002205   0x26  Code  Lc  stm32f1xx_hal_rcc.o [1]
Region$$Table$$Base     0x08002f00          --   Gb  - Linker created -
Region$$Table$$Limit    0x08002f24          --   Gb  - Linker created -
SVC_Handler             0x08002e6f    0x2  Code  Gb  stm32f1xx_it.o [1]
SysTick_Config          0x08002a29   0x30  Code  Lc  stm32f1xx_hal_cortex.o [1]
SysTick_Handler         0x08002e75    0xc  Code  Gb  stm32f1xx_it.o [1]
SystemClock_Config      0x08002309   0x88  Code  Gb  main.o [1]
SystemCoreClock         0x20000000    0x4  Data  Gb  system_stm32f1xx.o [1]
SystemInit              0x08002d35   0x4e  Code  Gb  system_stm32f1xx.o [1]
UsageFault_Handler      0x08002e6d    0x2  Code  Gb  stm32f1xx_it.o [1]
_Error_Handler          0x08002465    0x2  Code  Gb  main.o [1]
__aeabi_memcpy4         0x08002b11         Code  Gb  ABImemcpy.o [4]
__aeabi_memcpy8         0x08002b11         Code  Gb  ABImemcpy.o [4]
__cmain                 0x08002f25         Code  Gb  cmain.o [4]
__data_GetMemChunk      0x08002cf5   0x2c  Code  Gb  xgetmemchunk.o [3]
__data_GetMemChunk::start
                        0x200000b0    0x4  Data  Lc  xgetmemchunk.o [3]
__data_memzero          0x08002d21   0x12  Code  Gb  xxmemxmemzero.o [3]
__exit                  0x08002f59   0x14  Code  Gb  exit.o [5]
__iar_copy_init3        0x08002ead   0x2c  Code  Gb  copy_init3.o [4]
__iar_data_init3        0x08002ed9   0x28  Code  Gb  data_init.o [4]
__iar_program_start     0x08002f9d         Code  Gb  cstartup_M.o [4]
__iar_systems$$module {Abs}
                        0x00000001         Data  Gb  command line/config [2]
__iar_zero_init3        0x08002ded   0x40  Code  Gb  zero_init3.o [4]
__low_level_init        0x08002f43    0x4  Code  Gb  low_level_init.o [3]
__no_free_calloc        0x08002ca5   0x2c  Code  Gb  no_free_heap0.o [3]
__no_free_malloc        0x08002c65   0x40  Code  Gb  no_free_heap0.o [3]
__vector_table          0x08000000         Data  Gb  startup_stm32f103xb.o [1]
_call_main              0x08002f31         Code  Gb  cmain.o [4]
_exit                   0x08002f4d         Code  Gb  cexit.o [4]
_main                   0x08002f3f         Code  Gb  cmain.o [4]
data                    0x200000a0    0x8  Data  Gb  main.o [1]
exit                    0x08002f47    0x4  Code  Gb  exit.o [3]
flag                    0x20000004    0x1  Data  Gb  main.o [1]
hdma_i2c1_rx            0x2000005c   0x44  Data  Gb  main.o [1]
hi2c1                   0x20000008   0x54  Data  Gb  main.o [1]
main                    0x08002281   0x78  Code  Gb  main.o [1]
qs                      0x200000ac    0x4  Data  Lc  no_free_heap0.o [3]
retVal                  0x200000b4    0x1  Data  Gb  main.o [1]
set_time                0x08002b99   0xc6  Code  Gb  DS3231.o [1]
uwTick                  0x200000a8    0x4  Data  Gb  stm32f1xx_hal.o [1]


[1] = E:\GitHub\workspace\STM32F1\Projects\DS3231\EWARM\Test\Obj
[2] = command line
[3] = dl7M_tlf.a
[4] = rt7M_tl.a
[5] = shb_l.a

  12 158 bytes of readonly  code memory
     222 bytes of readonly  data memory
   1 714 bytes of readwrite data memory

Errors: none
Warnings: none
