###############################################################################
#
# IAR ELF Linker V8.20.1.14183/W32 for ARM                10/Dec/2017  18:11:42
# Copyright 2007-2017 IAR Systems AB.
#
#    Output file  =  
#        E:\workspace\STM32F1\Projects\MPU6050\EWARM\Test\Exe\Test.out
#    Map file     =  
#        E:\workspace\STM32F1\Projects\MPU6050\EWARM\Test\List\Test.map
#    Command line =  
#        -f C:\Users\Me\AppData\Local\Temp\EW6426.tmp
#        (E:\workspace\STM32F1\Projects\MPU6050\EWARM\Test\Obj\main.o
#        E:\workspace\STM32F1\Projects\MPU6050\EWARM\Test\Obj\MPU6050.o
#        E:\workspace\STM32F1\Projects\MPU6050\EWARM\Test\Obj\startup_stm32f103xb.o
#        E:\workspace\STM32F1\Projects\MPU6050\EWARM\Test\Obj\stm32f1xx_hal.o
#        E:\workspace\STM32F1\Projects\MPU6050\EWARM\Test\Obj\stm32f1xx_hal_cortex.o
#        E:\workspace\STM32F1\Projects\MPU6050\EWARM\Test\Obj\stm32f1xx_hal_dma.o
#        E:\workspace\STM32F1\Projects\MPU6050\EWARM\Test\Obj\stm32f1xx_hal_flash.o
#        E:\workspace\STM32F1\Projects\MPU6050\EWARM\Test\Obj\stm32f1xx_hal_flash_ex.o
#        E:\workspace\STM32F1\Projects\MPU6050\EWARM\Test\Obj\stm32f1xx_hal_gpio.o
#        E:\workspace\STM32F1\Projects\MPU6050\EWARM\Test\Obj\stm32f1xx_hal_gpio_ex.o
#        E:\workspace\STM32F1\Projects\MPU6050\EWARM\Test\Obj\stm32f1xx_hal_i2c.o
#        E:\workspace\STM32F1\Projects\MPU6050\EWARM\Test\Obj\stm32f1xx_hal_msp.o
#        E:\workspace\STM32F1\Projects\MPU6050\EWARM\Test\Obj\stm32f1xx_hal_pwr.o
#        E:\workspace\STM32F1\Projects\MPU6050\EWARM\Test\Obj\stm32f1xx_hal_rcc.o
#        E:\workspace\STM32F1\Projects\MPU6050\EWARM\Test\Obj\stm32f1xx_hal_rcc_ex.o
#        E:\workspace\STM32F1\Projects\MPU6050\EWARM\Test\Obj\stm32f1xx_hal_tim.o
#        E:\workspace\STM32F1\Projects\MPU6050\EWARM\Test\Obj\stm32f1xx_hal_tim_ex.o
#        E:\workspace\STM32F1\Projects\MPU6050\EWARM\Test\Obj\stm32f1xx_it.o
#        E:\workspace\STM32F1\Projects\MPU6050\EWARM\Test\Obj\system_stm32f1xx.o
#        --redirect _Printf=_PrintfFull --redirect _Scanf=_ScanfFull -o
#        E:\workspace\STM32F1\Projects\MPU6050\EWARM\Test\Exe\Test.out --map
#        E:\workspace\STM32F1\Projects\MPU6050\EWARM\Test\List\Test.map
#        --config
#        E:\workspace\STM32F1\Projects\MPU6050\EWARM/stm32f103xb_flash.icf
#        --semihosting --entry __iar_program_start --vfe --text_out locale)
#
###############################################################################

*******************************************************************************
*** RUNTIME MODEL ATTRIBUTES
***

CppFlavor       = *
__Heap_Handler  = NoFree
__SystemLibrary = DLib
__dlib_version  = 6


*******************************************************************************
*** HEAP SELECTION
***

The no free heap was selected because no calls to memory
deallocation functions were found in the application.


*******************************************************************************
*** PLACEMENT SUMMARY
***

"A0":  place at 0x08000000 { ro section .intvec };
"P1":  place in [from 0x08000000 to 0x0801ffff] { ro };
define block CSTACK with size = 1K, alignment = 8 { };
define block HEAP with size = 512, alignment = 8 { };
"P2":  place in [from 0x20000000 to 0x20004fff] {
          rw, block CSTACK, block HEAP };
initialize by copy { rw };

  Section            Kind        Address    Size  Object
  -------            ----        -------    ----  ------
"A0":                                       0xec
  .intvec            ro code  0x08000000    0xec  startup_stm32f103xb.o [1]
                            - 0x080000ec    0xec

"P1":                                     0x2df0
  .text              ro code  0x080000ec  0x1742  stm32f1xx_hal_i2c.o [1]
  .rodata            const    0x0800182e     0x2  stm32f1xx_hal_rcc.o [1]
  .text              ro code  0x08001830    0xb0  stm32f1xx_hal_msp.o [1]
  .text              ro code  0x080018e0   0x6d4  stm32f1xx_hal_rcc.o [1]
  .text              ro code  0x08001fb4     0xc  stm32f1xx_hal.o [1]
  .text              ro code  0x08001fc0     0x2  stm32f1xx_hal_i2c.o [1]
  .text              ro code  0x08001fc2     0x2  stm32f1xx_hal_i2c.o [1]
  .text              ro code  0x08001fc4   0x1d2  main.o [1]
  .text              ro code  0x08002196     0x2  stm32f1xx_hal_i2c.o [1]
  .text              ro code  0x08002198     0x2  stm32f1xx_hal_i2c.o [1]
  .text              ro code  0x0800219a     0x2  stm32f1xx_hal_i2c.o [1]
  .text              ro code  0x0800219c     0x2  stm32f1xx_hal_i2c.o [1]
  .text              ro code  0x0800219e     0x2  stm32f1xx_hal_i2c.o [1]
  .text              ro code  0x080021a0   0x2bc  stm32f1xx_hal_dma.o [1]
  .text              ro code  0x0800245c     0x2  stm32f1xx_hal_i2c.o [1]
  .text              ro code  0x0800245e     0x2  stm32f1xx_hal_i2c.o [1]
  .text              ro code  0x08002460   0x270  stm32f1xx_hal_gpio.o [1]
  .text              ro code  0x080026d0   0x146  stm32f1xx_hal_cortex.o [1]
  .text              ro code  0x08002818    0x28  stm32f1xx_hal.o [1]
  .text              ro code  0x08002840    0xa6  ABImemcpy.o [4]
  .text              ro code  0x080028e8    0x70  no_free_heap0.o [3]
  .text              ro code  0x08002958   0x1c8  MPU6050.o [1]
  .text              ro code  0x08002b20    0x2c  xgetmemchunk.o [3]
  .text              ro code  0x08002b4c    0x12  xxmemxmemzero.o [3]
  .text              ro code  0x08002b5e    0x1e  stm32f1xx_hal.o [1]
  .text              ro code  0x08002b7c     0x6  ABImemclr4.o [4]
  .text              ro code  0x08002b84    0x32  ABImemset48.o [4]
  .text              ro code  0x08002bb8    0x68  system_stm32f1xx.o [1]
  .rodata            const    0x08002c20    0x50  stm32f1xx_hal_msp.o [1]
  .text              ro code  0x08002c70    0x40  zero_init3.o [4]
  .text              ro code  0x08002cb0    0x38  stm32f1xx_it.o [1]
  .text              ro code  0x08002ce8    0x10  stm32f1xx_hal.o [1]
  .rodata            const    0x08002cf8    0x34  main.o [1]
  .text              ro code  0x08002d2c    0x2c  copy_init3.o [4]
  .text              ro code  0x08002d58    0x28  data_init.o [4]
  .iar.init_table    const    0x08002d80    0x24  - Linker created -
  .text              ro code  0x08002da4    0x1e  cmain.o [4]
  .text              ro code  0x08002dc2     0x4  low_level_init.o [3]
  .text              ro code  0x08002dc6     0x4  exit.o [3]
  .text              ro code  0x08002dcc     0xa  cexit.o [4]
  .text              ro code  0x08002dd8    0x14  exit.o [5]
  .rodata            const    0x08002dec    0x10  stm32f1xx_hal_rcc.o [1]
  .rodata            const    0x08002dfc    0x10  system_stm32f1xx.o [1]
  .text              ro code  0x08002e0c    0x10  startup_stm32f103xb.o [1]
  .text              ro code  0x08002e1c     0xc  cstartup_M.o [4]
  .rodata            const    0x08002e28     0x8  system_stm32f1xx.o [1]
  Initializer bytes  const    0x08002e30     0x8  <for P2-1>
  .text              ro code  0x08002e38     0x4  startup_stm32f103xb.o [1]
  .text              ro code  0x08002e3c     0x4  startup_stm32f103xb.o [1]
  .text              ro code  0x08002e40     0x4  startup_stm32f103xb.o [1]
  .text              ro code  0x08002e44     0x4  startup_stm32f103xb.o [1]
  .text              ro code  0x08002e48     0x4  startup_stm32f103xb.o [1]
  .text              ro code  0x08002e4c     0x4  startup_stm32f103xb.o [1]
  .text              ro code  0x08002e50     0x4  startup_stm32f103xb.o [1]
  .text              ro code  0x08002e54     0x4  startup_stm32f103xb.o [1]
  .text              ro code  0x08002e58     0x4  startup_stm32f103xb.o [1]
  .text              ro code  0x08002e5c     0x4  startup_stm32f103xb.o [1]
  .text              ro code  0x08002e60     0x4  startup_stm32f103xb.o [1]
  .text              ro code  0x08002e64     0x4  startup_stm32f103xb.o [1]
  .text              ro code  0x08002e68     0x4  startup_stm32f103xb.o [1]
  .text              ro code  0x08002e6c     0x4  startup_stm32f103xb.o [1]
  .text              ro code  0x08002e70     0x4  startup_stm32f103xb.o [1]
  .text              ro code  0x08002e74     0x4  startup_stm32f103xb.o [1]
  .text              ro code  0x08002e78     0x4  startup_stm32f103xb.o [1]
  .text              ro code  0x08002e7c     0x4  startup_stm32f103xb.o [1]
  .text              ro code  0x08002e80     0x4  startup_stm32f103xb.o [1]
  .text              ro code  0x08002e84     0x4  startup_stm32f103xb.o [1]
  .text              ro code  0x08002e88     0x4  startup_stm32f103xb.o [1]
  .text              ro code  0x08002e8c     0x4  startup_stm32f103xb.o [1]
  .text              ro code  0x08002e90     0x4  startup_stm32f103xb.o [1]
  .text              ro code  0x08002e94     0x4  startup_stm32f103xb.o [1]
  .text              ro code  0x08002e98     0x4  startup_stm32f103xb.o [1]
  .text              ro code  0x08002e9c     0x4  startup_stm32f103xb.o [1]
  .text              ro code  0x08002ea0     0x4  startup_stm32f103xb.o [1]
  .text              ro code  0x08002ea4     0x4  startup_stm32f103xb.o [1]
  .text              ro code  0x08002ea8     0x4  startup_stm32f103xb.o [1]
  .text              ro code  0x08002eac     0x4  startup_stm32f103xb.o [1]
  .text              ro code  0x08002eb0     0x4  startup_stm32f103xb.o [1]
  .text              ro code  0x08002eb4     0x4  startup_stm32f103xb.o [1]
  .text              ro code  0x08002eb8     0x4  startup_stm32f103xb.o [1]
  .text              ro code  0x08002ebc     0x4  startup_stm32f103xb.o [1]
  .text              ro code  0x08002ec0     0x4  startup_stm32f103xb.o [1]
  .text              ro code  0x08002ec4     0x4  startup_stm32f103xb.o [1]
  .text              ro code  0x08002ec8     0x4  startup_stm32f103xb.o [1]
  .text              ro code  0x08002ecc     0x4  startup_stm32f103xb.o [1]
  .text              ro code  0x08002ed0     0x4  startup_stm32f103xb.o [1]
  .text              ro code  0x08002ed4     0x4  startup_stm32f103xb.o [1]
  .text              ro code  0x08002ed8     0x4  startup_stm32f103xb.o [1]
  .rodata            const    0x08002edc     0x0  zero_init3.o [4]
  .rodata            const    0x08002edc     0x0  copy_init3.o [4]
                            - 0x08002edc  0x2df0

"P2", part 1 of 3:                           0x8
  P2-1                        0x20000000     0x5  <Init block>
    .data            inited   0x20000000     0x4  system_stm32f1xx.o [1]
    .data            inited   0x20000004     0x1  main.o [1]
                            - 0x20000005     0x5

"P2", part 2 of 3:                          0xbc
  .bss               zero     0x20000008    0x54  main.o [1]
  .bss               zero     0x2000005c    0x44  main.o [1]
  .bss               zero     0x200000a0    0x10  main.o [1]
  .bss               zero     0x200000b0     0x4  main.o [1]
  .bss               zero     0x200000b4     0x4  stm32f1xx_hal.o [1]
  .bss               zero     0x200000b8     0x4  no_free_heap0.o [3]
  .bss               zero     0x200000bc     0x4  xgetmemchunk.o [3]
  .bss               zero     0x200000c0     0x1  main.o [1]
                            - 0x200000c1    0xb9

"P2", part 3 of 3:                         0x600
  CSTACK                      0x200000c8   0x400  <Block>
    CSTACK           uninit   0x200000c8   0x400  <Block tail>
  HEAP                        0x200004c8   0x200  <Block>
    HEAP             uninit   0x200004c8   0x200  <Block tail>
                            - 0x200006c8   0x600


*******************************************************************************
*** INIT TABLE
***

          Address     Size
          -------     ----
Zero (__iar_zero_init3)
    1 destination range, total size 0xb9:
          0x20000008  0xb9

Copy (__iar_copy_init3)
    1 source range, total size 0x8 (160% of destination):
          0x08002e30   0x8
    1 destination range, total size 0x5:
          0x20000000   0x5



*******************************************************************************
*** MODULE SUMMARY
***

    Module                  ro code  ro data  rw data
    ------                  -------  -------  -------
E:\workspace\STM32F1\Projects\MPU6050\EWARM\Test\Obj: [1]
    MPU6050.o                   456
    main.o                      466       53      174
    startup_stm32f103xb.o       416
    stm32f1xx_hal.o              98                 4
    stm32f1xx_hal_cortex.o      326
    stm32f1xx_hal_dma.o         700
    stm32f1xx_hal_gpio.o        624
    stm32f1xx_hal_i2c.o       5 972
    stm32f1xx_hal_msp.o         176       80
    stm32f1xx_hal_rcc.o       1 748       18
    stm32f1xx_it.o               56
    system_stm32f1xx.o          104       28        4
    -------------------------------------------------
    Total:                   11 142      179      182

command line: [2]
    -------------------------------------------------
    Total:

dl7M_tlf.a: [3]
    exit.o                        4
    low_level_init.o              4
    no_free_heap0.o             112                 4
    xgetmemchunk.o               44                 4
    xxmemxmemzero.o              18
    -------------------------------------------------
    Total:                      182                 8

rt7M_tl.a: [4]
    ABImemclr4.o                  6
    ABImemcpy.o                 166
    ABImemset48.o                50
    cexit.o                      10
    cmain.o                      30
    copy_init3.o                 44
    cstartup_M.o                 12
    data_init.o                  40
    zero_init3.o                 64
    -------------------------------------------------
    Total:                      422

shb_l.a: [5]
    exit.o                       20
    -------------------------------------------------
    Total:                       20

    Gaps                         12
    Linker created                        39    1 536
-----------------------------------------------------
    Grand Total:             11 778      218    1 726


*******************************************************************************
*** ENTRY LIST
***

Entry                      Address   Size  Type      Object
-----                      -------   ----  ----      ------
.iar.init_table$$Base   0x08002d80          --   Gb  - Linker created -
.iar.init_table$$Limit  0x08002da4          --   Gb  - Linker created -
?main                   0x08002da5         Code  Gb  cmain.o [4]
AHBPrescTable           0x08002dfc   0x10  Data  Gb  system_stm32f1xx.o [1]
APBPrescTable           0x08002e28    0x8  Data  Gb  system_stm32f1xx.o [1]
BusFault_Handler        0x08002cb7    0x2  Code  Gb  stm32f1xx_it.o [1]
CSTACK$$Base            0x200000c8          --   Gb  - Linker created -
CSTACK$$Limit           0x200004c8          --   Gb  - Linker created -
DMA1_Channel7_IRQHandler
                        0x08002ccd    0xa  Code  Gb  stm32f1xx_it.o [1]
DebugMon_Handler        0x08002cbd    0x2  Code  Gb  stm32f1xx_it.o [1]
HAL_DMA_Abort_IT        0x0800221b   0xb4  Code  Gb  stm32f1xx_hal_dma.o [1]
HAL_DMA_IRQHandler      0x080022cf  0x16a  Code  Gb  stm32f1xx_hal_dma.o [1]
HAL_DMA_Init            0x080021a1   0x7a  Code  Gb  stm32f1xx_hal_dma.o [1]
HAL_Delay               0x08002b5f   0x1e  Code  Wk  stm32f1xx_hal.o [1]
HAL_GPIO_Init           0x08002461  0x22e  Code  Gb  stm32f1xx_hal_gpio.o [1]
HAL_GetTick             0x08001fb5    0xc  Code  Wk  stm32f1xx_hal.o [1]
HAL_I2C_EV_IRQHandler   0x080007b9  0x14a  Code  Gb  stm32f1xx_hal_i2c.o [1]
HAL_I2C_Init            0x080000ed  0x126  Code  Gb  stm32f1xx_hal_i2c.o [1]
HAL_I2C_MemRxCpltCallback
                        0x08002031    0x2  Code  Gb  main.o [1]
HAL_I2C_Mem_Read        0x080003a9  0x408  Code  Gb  stm32f1xx_hal_i2c.o [1]
HAL_I2C_Mem_Write       0x0800021d  0x18c  Code  Gb  stm32f1xx_hal_i2c.o [1]
HAL_I2C_MspInit         0x08001831   0x98  Code  Gb  stm32f1xx_hal_msp.o [1]
HAL_IncTick             0x08002ce9   0x10  Code  Wk  stm32f1xx_hal.o [1]
HAL_InitTick            0x08002819   0x28  Code  Wk  stm32f1xx_hal.o [1]
HAL_NVIC_EnableIRQ      0x080027b3    0xe  Code  Gb  stm32f1xx_hal_cortex.o [1]
HAL_NVIC_SetPriority    0x08002789   0x2a  Code  Gb  stm32f1xx_hal_cortex.o [1]
HAL_RCC_ClockConfig     0x08001d35  0x188  Code  Gb  stm32f1xx_hal_rcc.o [1]
HAL_RCC_GetHCLKFreq     0x08001f2d    0x6  Code  Gb  stm32f1xx_hal_rcc.o [1]
HAL_RCC_GetPCLK1Freq    0x08001f33   0x16  Code  Gb  stm32f1xx_hal_rcc.o [1]
HAL_RCC_GetSysClockFreq
                        0x08001ebd   0x70  Code  Gb  stm32f1xx_hal_rcc.o [1]
HAL_RCC_OscConfig       0x080018e1  0x454  Code  Gb  stm32f1xx_hal_rcc.o [1]
HAL_SYSTICK_CLKSourceConfig
                        0x080027cd   0x20  Code  Gb  stm32f1xx_hal_cortex.o [1]
HAL_SYSTICK_Config      0x080027c1    0xc  Code  Gb  stm32f1xx_hal_cortex.o [1]
HAL_SYSTICK_IRQHandler  0x0800280d    0x8  Code  Gb  stm32f1xx_hal_cortex.o [1]
HEAP$$Base              0x200004c8          --   Gb  - Linker created -
HEAP$$Limit             0x200006c8          --   Gb  - Linker created -
HardFault_Handler       0x08002cb3    0x2  Code  Gb  stm32f1xx_it.o [1]
I2C1_EV_IRQHandler      0x08002cd7    0xa  Code  Gb  stm32f1xx_it.o [1]
I2C_DMAAbort            0x08001561   0x6e  Code  Lc  stm32f1xx_hal_i2c.o [1]
I2C_ITError             0x08001199  0x156  Code  Lc  stm32f1xx_hal_i2c.o [1]
I2C_IsAcknowledgeFailed
                        0x08001801   0x2e  Code  Lc  stm32f1xx_hal_i2c.o [1]
I2C_MasterReceive_BTF   0x08000bd5   0xfa  Code  Lc  stm32f1xx_hal_i2c.o [1]
I2C_MasterReceive_RXNE  0x08000afd   0xd8  Code  Lc  stm32f1xx_hal_i2c.o [1]
I2C_MasterTransmit_BTF  0x08000a59   0xa2  Code  Lc  stm32f1xx_hal_i2c.o [1]
I2C_MasterTransmit_TXE  0x08000903  0x14e  Code  Lc  stm32f1xx_hal_i2c.o [1]
I2C_Master_ADD10        0x08000d63    0xe  Code  Lc  stm32f1xx_hal_i2c.o [1]
I2C_Master_ADDR         0x08000d71  0x218  Code  Lc  stm32f1xx_hal_i2c.o [1]
I2C_Master_SB           0x08000cd5   0x8e  Code  Lc  stm32f1xx_hal_i2c.o [1]
I2C_RequestMemoryRead   0x080013e9  0x16e  Code  Lc  stm32f1xx_hal_i2c.o [1]
I2C_RequestMemoryWrite  0x080012fd   0xec  Code  Lc  stm32f1xx_hal_i2c.o [1]
I2C_SlaveReceive_BTF    0x0800103b   0x1e  Code  Lc  stm32f1xx_hal_i2c.o [1]
I2C_SlaveReceive_RXNE   0x08000ff1   0x4a  Code  Lc  stm32f1xx_hal_i2c.o [1]
I2C_SlaveTransmit_BTF   0x08000fd3   0x1e  Code  Lc  stm32f1xx_hal_i2c.o [1]
I2C_SlaveTransmit_TXE   0x08000f89   0x4a  Code  Lc  stm32f1xx_hal_i2c.o [1]
I2C_Slave_ADDR          0x08001059   0x34  Code  Lc  stm32f1xx_hal_i2c.o [1]
I2C_Slave_STOPF         0x0800108d  0x100  Code  Lc  stm32f1xx_hal_i2c.o [1]
I2C_WaitOnBTFFlagUntilTimeout
                        0x0800174d   0x52  Code  Lc  stm32f1xx_hal_i2c.o [1]
I2C_WaitOnFlagUntilTimeout
                        0x080015cf   0x8a  Code  Lc  stm32f1xx_hal_i2c.o [1]
I2C_WaitOnMasterAddressFlagUntilTimeout
                        0x08001659   0xa2  Code  Lc  stm32f1xx_hal_i2c.o [1]
I2C_WaitOnRXNEFlagUntilTimeout
                        0x0800179f   0x62  Code  Lc  stm32f1xx_hal_i2c.o [1]
I2C_WaitOnTXEFlagUntilTimeout
                        0x080016fb   0x52  Code  Lc  stm32f1xx_hal_i2c.o [1]
LoopCount               0x20000004    0x1  Data  Gb  main.o [1]
MX_DMA_Init             0x08002109   0x2c  Code  Lc  main.o [1]
MX_GPIO_Init            0x08002135   0x36  Code  Lc  main.o [1]
MX_I2C1_Init            0x080020bb   0x4e  Code  Lc  main.o [1]
MemManage_Handler       0x08002cb5    0x2  Code  Gb  stm32f1xx_it.o [1]
NMI_Handler             0x08002cb1    0x2  Code  Gb  stm32f1xx_it.o [1]
NVIC_EnableIRQ          0x080026db   0x16  Code  Lc  stm32f1xx_hal_cortex.o [1]
NVIC_EncodePriority     0x08002717   0x42  Code  Lc  stm32f1xx_hal_cortex.o [1]
NVIC_GetPriorityGrouping
                        0x080026d1    0xa  Code  Lc  stm32f1xx_hal_cortex.o [1]
NVIC_SetPriority        0x080026f1   0x26  Code  Lc  stm32f1xx_hal_cortex.o [1]
PendSV_Handler          0x08002cbf    0x2  Code  Gb  stm32f1xx_it.o [1]
RCC_Delay               0x08001f49   0x26  Code  Lc  stm32f1xx_hal_rcc.o [1]
Region$$Table$$Base     0x08002d80          --   Gb  - Linker created -
Region$$Table$$Limit    0x08002da4          --   Gb  - Linker created -
SVC_Handler             0x08002cbb    0x2  Code  Gb  stm32f1xx_it.o [1]
SysTick_Config          0x08002759   0x30  Code  Lc  stm32f1xx_hal_cortex.o [1]
SysTick_Handler         0x08002cc1    0xc  Code  Gb  stm32f1xx_it.o [1]
SystemClock_Config      0x08002033   0x88  Code  Gb  main.o [1]
SystemCoreClock         0x20000000    0x4  Data  Gb  system_stm32f1xx.o [1]
SystemInit              0x08002bb9   0x4e  Code  Gb  system_stm32f1xx.o [1]
UsageFault_Handler      0x08002cb9    0x2  Code  Gb  stm32f1xx_it.o [1]
_Error_Handler          0x08002195    0x2  Code  Gb  main.o [1]
__aeabi_memclr4         0x08002b7d         Code  Gb  ABImemclr4.o [4]
__aeabi_memcpy          0x08002841         Code  Gb  ABImemcpy.o [4]
__aeabi_memcpy4         0x08002861         Code  Gb  ABImemcpy.o [4]
__aeabi_memcpy8         0x08002861         Code  Gb  ABImemcpy.o [4]
__cmain                 0x08002da5         Code  Gb  cmain.o [4]
__data_GetMemChunk      0x08002b21   0x2c  Code  Gb  xgetmemchunk.o [3]
__data_GetMemChunk::start
                        0x200000bc    0x4  Data  Lc  xgetmemchunk.o [3]
__data_memzero          0x08002b4d   0x12  Code  Gb  xxmemxmemzero.o [3]
__exit                  0x08002dd9   0x14  Code  Gb  exit.o [5]
__iar_Memset4_word      0x08002b85         Code  Gb  ABImemset48.o [4]
__iar_Memset8_word      0x08002b85         Code  Gb  ABImemset48.o [4]
__iar_copy_init3        0x08002d2d   0x2c  Code  Gb  copy_init3.o [4]
__iar_data_init3        0x08002d59   0x28  Code  Gb  data_init.o [4]
__iar_program_start     0x08002e1d         Code  Gb  cstartup_M.o [4]
__iar_systems$$module {Abs}
                        0x00000001         Data  Gb  command line/config [2]
__iar_zero_init3        0x08002c71   0x40  Code  Gb  zero_init3.o [4]
__low_level_init        0x08002dc3    0x4  Code  Gb  low_level_init.o [3]
__no_free_calloc        0x08002929   0x2c  Code  Gb  no_free_heap0.o [3]
__no_free_malloc        0x080028e9   0x40  Code  Gb  no_free_heap0.o [3]
__vector_table          0x08000000         Data  Gb  startup_stm32f103xb.o [1]
_call_main              0x08002db1         Code  Gb  cmain.o [4]
_exit                   0x08002dcd         Code  Gb  cexit.o [4]
_main                   0x08002dbf         Code  Gb  cmain.o [4]
data                    0x200000a0   0x10  Data  Gb  main.o [1]
exit                    0x08002dc7    0x4  Code  Gb  exit.o [3]
hdma_i2c1_rx            0x2000005c   0x44  Data  Gb  main.o [1]
hi2c1                   0x20000008   0x54  Data  Gb  main.o [1]
i2c_read                0x08002a9d   0x42  Code  Gb  MPU6050.o [1]
i2c_write               0x08002adf   0x42  Code  Gb  MPU6050.o [1]
main                    0x08001fc5   0x6c  Code  Gb  main.o [1]
mpu6050_init_gyro       0x08002959   0xf4  Code  Gb  MPU6050.o [1]
ptr                     0x200000b0    0x4  Data  Gb  main.o [1]
qs                      0x200000b8    0x4  Data  Lc  no_free_heap0.o [3]
read_temperature        0x08002a4d   0x50  Code  Gb  MPU6050.o [1]
retVal                  0x200000c0    0x1  Data  Gb  main.o [1]
uwTick                  0x200000b4    0x4  Data  Gb  stm32f1xx_hal.o [1]


[1] = E:\workspace\STM32F1\Projects\MPU6050\EWARM\Test\Obj
[2] = command line
[3] = dl7M_tlf.a
[4] = rt7M_tl.a
[5] = shb_l.a

  11 778 bytes of readonly  code memory
     218 bytes of readonly  data memory
   1 726 bytes of readwrite data memory

Errors: none
Warnings: none
