###############################################################################
#
# IAR ELF Linker V8.20.1.14183/W32 for ARM                20/Nov/2017  18:36:12
# Copyright 2007-2017 IAR Systems AB.
#
#    Output file  =  
#        E:\GitHub\workspace\STM32F1\Projects\MPU6050\EWARM\Test\Exe\Test.out
#    Map file     =  
#        E:\GitHub\workspace\STM32F1\Projects\MPU6050\EWARM\Test\List\Test.map
#    Command line =  
#        -f C:\Users\Nam\AppData\Local\Temp\EW752F.tmp
#        (E:\GitHub\workspace\STM32F1\Projects\MPU6050\EWARM\Test\Obj\main.o
#        E:\GitHub\workspace\STM32F1\Projects\MPU6050\EWARM\Test\Obj\MPU6050.o
#        E:\GitHub\workspace\STM32F1\Projects\MPU6050\EWARM\Test\Obj\startup_stm32f103xb.o
#        E:\GitHub\workspace\STM32F1\Projects\MPU6050\EWARM\Test\Obj\stm32f1xx_hal.o
#        E:\GitHub\workspace\STM32F1\Projects\MPU6050\EWARM\Test\Obj\stm32f1xx_hal_cortex.o
#        E:\GitHub\workspace\STM32F1\Projects\MPU6050\EWARM\Test\Obj\stm32f1xx_hal_dma.o
#        E:\GitHub\workspace\STM32F1\Projects\MPU6050\EWARM\Test\Obj\stm32f1xx_hal_flash.o
#        E:\GitHub\workspace\STM32F1\Projects\MPU6050\EWARM\Test\Obj\stm32f1xx_hal_flash_ex.o
#        E:\GitHub\workspace\STM32F1\Projects\MPU6050\EWARM\Test\Obj\stm32f1xx_hal_gpio.o
#        E:\GitHub\workspace\STM32F1\Projects\MPU6050\EWARM\Test\Obj\stm32f1xx_hal_gpio_ex.o
#        E:\GitHub\workspace\STM32F1\Projects\MPU6050\EWARM\Test\Obj\stm32f1xx_hal_i2c.o
#        E:\GitHub\workspace\STM32F1\Projects\MPU6050\EWARM\Test\Obj\stm32f1xx_hal_msp.o
#        E:\GitHub\workspace\STM32F1\Projects\MPU6050\EWARM\Test\Obj\stm32f1xx_hal_pwr.o
#        E:\GitHub\workspace\STM32F1\Projects\MPU6050\EWARM\Test\Obj\stm32f1xx_hal_rcc.o
#        E:\GitHub\workspace\STM32F1\Projects\MPU6050\EWARM\Test\Obj\stm32f1xx_hal_rcc_ex.o
#        E:\GitHub\workspace\STM32F1\Projects\MPU6050\EWARM\Test\Obj\stm32f1xx_hal_tim.o
#        E:\GitHub\workspace\STM32F1\Projects\MPU6050\EWARM\Test\Obj\stm32f1xx_hal_tim_ex.o
#        E:\GitHub\workspace\STM32F1\Projects\MPU6050\EWARM\Test\Obj\stm32f1xx_it.o
#        E:\GitHub\workspace\STM32F1\Projects\MPU6050\EWARM\Test\Obj\system_stm32f1xx.o
#        --redirect _Printf=_PrintfFull --redirect _Scanf=_ScanfFull -o
#        E:\GitHub\workspace\STM32F1\Projects\MPU6050\EWARM\Test\Exe\Test.out
#        --map
#        E:\GitHub\workspace\STM32F1\Projects\MPU6050\EWARM\Test\List\Test.map
#        --config
#        E:\GitHub\workspace\STM32F1\Projects\MPU6050\EWARM/stm32f103xb_flash.icf
#        --semihosting --entry __iar_program_start --vfe --text_out locale)
#
###############################################################################

*******************************************************************************
*** RUNTIME MODEL ATTRIBUTES
***

CppFlavor       = *
__Heap_Handler  = NoFree
__SystemLibrary = DLib
__dlib_version  = 6


*******************************************************************************
*** HEAP SELECTION
***

The no free heap was selected because no calls to memory
deallocation functions were found in the application.


*******************************************************************************
*** PLACEMENT SUMMARY
***

"A0":  place at 0x08000000 { ro section .intvec };
"P1":  place in [from 0x08000000 to 0x0801ffff] { ro };
define block CSTACK with size = 1K, alignment = 8 { };
define block HEAP with size = 512, alignment = 8 { };
"P2":  place in [from 0x20000000 to 0x20004fff] {
          rw, block CSTACK, block HEAP };
initialize by copy { rw };

  Section            Kind        Address    Size  Object
  -------            ----        -------    ----  ------
"A0":                                       0xec
  .intvec            ro code  0x08000000    0xec  startup_stm32f103xb.o [1]
                            - 0x080000ec    0xec

"P1":                                     0x2e6c
  .text              ro code  0x080000ec  0x190a  stm32f1xx_hal_i2c.o [1]
  .rodata            const    0x080019f6     0x2  stm32f1xx_hal_rcc.o [1]
  .text              ro code  0x080019f8    0xb0  stm32f1xx_hal_msp.o [1]
  .text              ro code  0x08001aa8   0x6d4  stm32f1xx_hal_rcc.o [1]
  .text              ro code  0x0800217c     0xc  stm32f1xx_hal.o [1]
  .text              ro code  0x08002188     0x2  stm32f1xx_hal_i2c.o [1]
  .text              ro code  0x0800218a     0x2  stm32f1xx_hal_i2c.o [1]
  .text              ro code  0x0800218c   0x18a  main.o [1]
  .text              ro code  0x08002316     0x2  stm32f1xx_hal_i2c.o [1]
  .text              ro code  0x08002318     0x2  stm32f1xx_hal_i2c.o [1]
  .text              ro code  0x0800231a     0x2  stm32f1xx_hal_i2c.o [1]
  .text              ro code  0x0800231c     0x2  stm32f1xx_hal_i2c.o [1]
  .text              ro code  0x0800231e     0x2  stm32f1xx_hal_i2c.o [1]
  .text              ro code  0x08002320   0x2bc  stm32f1xx_hal_dma.o [1]
  .text              ro code  0x080025dc     0x2  stm32f1xx_hal_i2c.o [1]
  .text              ro code  0x080025de     0x2  stm32f1xx_hal_i2c.o [1]
  .text              ro code  0x080025e0   0x270  stm32f1xx_hal_gpio.o [1]
  .text              ro code  0x08002850   0x146  stm32f1xx_hal_cortex.o [1]
  .text              ro code  0x08002998    0x28  stm32f1xx_hal.o [1]
  .text              ro code  0x080029c0    0x86  ABImemcpy.o [4]
  .text              ro code  0x08002a48    0x70  no_free_heap0.o [3]
  .text              ro code  0x08002ab8   0x13c  MPU6050.o [1]
  .text              ro code  0x08002bf4    0x2c  xgetmemchunk.o [3]
  .text              ro code  0x08002c20    0x12  xxmemxmemzero.o [3]
  .text              ro code  0x08002c34    0x68  system_stm32f1xx.o [1]
  .rodata            const    0x08002c9c    0x50  stm32f1xx_hal_msp.o [1]
  .text              ro code  0x08002cec    0x40  zero_init3.o [4]
  .rodata            const    0x08002d2c    0x38  main.o [1]
  .text              ro code  0x08002d64    0x38  stm32f1xx_it.o [1]
  .text              ro code  0x08002d9c    0x10  stm32f1xx_hal.o [1]
  .text              ro code  0x08002dac    0x2c  copy_init3.o [4]
  .text              ro code  0x08002dd8    0x28  data_init.o [4]
  .iar.init_table    const    0x08002e00    0x24  - Linker created -
  .text              ro code  0x08002e24    0x1e  cmain.o [4]
  .text              ro code  0x08002e42     0x4  low_level_init.o [3]
  .text              ro code  0x08002e46     0x4  exit.o [3]
  .text              ro code  0x08002e4c     0xa  cexit.o [4]
  .text              ro code  0x08002e58    0x14  exit.o [5]
  .rodata            const    0x08002e6c    0x10  stm32f1xx_hal_rcc.o [1]
  .rodata            const    0x08002e7c    0x10  system_stm32f1xx.o [1]
  .text              ro code  0x08002e8c    0x10  startup_stm32f103xb.o [1]
  .text              ro code  0x08002e9c     0xc  cstartup_M.o [4]
  .rodata            const    0x08002ea8     0x8  system_stm32f1xx.o [1]
  .text              ro code  0x08002eb0     0x4  startup_stm32f103xb.o [1]
  .text              ro code  0x08002eb4     0x4  startup_stm32f103xb.o [1]
  .text              ro code  0x08002eb8     0x4  startup_stm32f103xb.o [1]
  .text              ro code  0x08002ebc     0x4  startup_stm32f103xb.o [1]
  .text              ro code  0x08002ec0     0x4  startup_stm32f103xb.o [1]
  .text              ro code  0x08002ec4     0x4  startup_stm32f103xb.o [1]
  .text              ro code  0x08002ec8     0x4  startup_stm32f103xb.o [1]
  .text              ro code  0x08002ecc     0x4  startup_stm32f103xb.o [1]
  .text              ro code  0x08002ed0     0x4  startup_stm32f103xb.o [1]
  .text              ro code  0x08002ed4     0x4  startup_stm32f103xb.o [1]
  .text              ro code  0x08002ed8     0x4  startup_stm32f103xb.o [1]
  .text              ro code  0x08002edc     0x4  startup_stm32f103xb.o [1]
  .text              ro code  0x08002ee0     0x4  startup_stm32f103xb.o [1]
  .text              ro code  0x08002ee4     0x4  startup_stm32f103xb.o [1]
  .text              ro code  0x08002ee8     0x4  startup_stm32f103xb.o [1]
  .text              ro code  0x08002eec     0x4  startup_stm32f103xb.o [1]
  .text              ro code  0x08002ef0     0x4  startup_stm32f103xb.o [1]
  .text              ro code  0x08002ef4     0x4  startup_stm32f103xb.o [1]
  .text              ro code  0x08002ef8     0x4  startup_stm32f103xb.o [1]
  .text              ro code  0x08002efc     0x4  startup_stm32f103xb.o [1]
  .text              ro code  0x08002f00     0x4  startup_stm32f103xb.o [1]
  .text              ro code  0x08002f04     0x4  startup_stm32f103xb.o [1]
  .text              ro code  0x08002f08     0x4  startup_stm32f103xb.o [1]
  .text              ro code  0x08002f0c     0x4  startup_stm32f103xb.o [1]
  .text              ro code  0x08002f10     0x4  startup_stm32f103xb.o [1]
  .text              ro code  0x08002f14     0x4  startup_stm32f103xb.o [1]
  .text              ro code  0x08002f18     0x4  startup_stm32f103xb.o [1]
  .text              ro code  0x08002f1c     0x4  startup_stm32f103xb.o [1]
  .text              ro code  0x08002f20     0x4  startup_stm32f103xb.o [1]
  .text              ro code  0x08002f24     0x4  startup_stm32f103xb.o [1]
  .text              ro code  0x08002f28     0x4  startup_stm32f103xb.o [1]
  .text              ro code  0x08002f2c     0x4  startup_stm32f103xb.o [1]
  .text              ro code  0x08002f30     0x4  startup_stm32f103xb.o [1]
  .text              ro code  0x08002f34     0x4  startup_stm32f103xb.o [1]
  .text              ro code  0x08002f38     0x4  startup_stm32f103xb.o [1]
  .text              ro code  0x08002f3c     0x4  startup_stm32f103xb.o [1]
  .text              ro code  0x08002f40     0x4  startup_stm32f103xb.o [1]
  .text              ro code  0x08002f44     0x4  startup_stm32f103xb.o [1]
  .text              ro code  0x08002f48     0x4  startup_stm32f103xb.o [1]
  .text              ro code  0x08002f4c     0x4  startup_stm32f103xb.o [1]
  .text              ro code  0x08002f50     0x4  startup_stm32f103xb.o [1]
  Initializer bytes  const    0x08002f54     0x4  <for P2-1>
  .rodata            const    0x08002f58     0x0  zero_init3.o [4]
  .rodata            const    0x08002f58     0x0  copy_init3.o [4]
                            - 0x08002f58  0x2e6c

"P2", part 1 of 3:                           0x4
  P2-1                        0x20000000     0x4  <Init block>
    .data            inited   0x20000000     0x4  system_stm32f1xx.o [1]
                            - 0x20000004     0x4

"P2", part 2 of 3:                          0xac
  .bss               zero     0x20000004    0x54  main.o [1]
  .bss               zero     0x20000058    0x44  main.o [1]
  .bss               zero     0x2000009c     0x4  main.o [1]
  .bss               zero     0x200000a0     0x4  stm32f1xx_hal.o [1]
  .bss               zero     0x200000a4     0x4  no_free_heap0.o [3]
  .bss               zero     0x200000a8     0x4  xgetmemchunk.o [3]
  .bss               zero     0x200000ac     0x1  main.o [1]
                            - 0x200000ad    0xa9

"P2", part 3 of 3:                         0x600
  CSTACK                      0x200000b0   0x400  <Block>
    CSTACK           uninit   0x200000b0   0x400  <Block tail>
  HEAP                        0x200004b0   0x200  <Block>
    HEAP             uninit   0x200004b0   0x200  <Block tail>
                            - 0x200006b0   0x600


*******************************************************************************
*** INIT TABLE
***

          Address     Size
          -------     ----
Zero (__iar_zero_init3)
    1 destination range, total size 0xa9:
          0x20000004  0xa9

Copy (__iar_copy_init3)
    1 source range, total size 0x4:
          0x08002f54   0x4
    1 destination range, total size 0x4:
          0x20000000   0x4



*******************************************************************************
*** MODULE SUMMARY
***

    Module                  ro code  ro data  rw data
    ------                  -------  -------  -------
E:\GitHub\workspace\STM32F1\Projects\MPU6050\EWARM\Test\Obj: [1]
    MPU6050.o                   316
    main.o                      394       56      157
    startup_stm32f103xb.o       416
    stm32f1xx_hal.o              68                 4
    stm32f1xx_hal_cortex.o      326
    stm32f1xx_hal_dma.o         700
    stm32f1xx_hal_gpio.o        624
    stm32f1xx_hal_i2c.o       6 428
    stm32f1xx_hal_msp.o         176       80
    stm32f1xx_hal_rcc.o       1 748       18
    stm32f1xx_it.o               56
    system_stm32f1xx.o          104       28        4
    -------------------------------------------------
    Total:                   11 356      182      165

command line: [2]
    -------------------------------------------------
    Total:

dl7M_tlf.a: [3]
    exit.o                        4
    low_level_init.o              4
    no_free_heap0.o             112                 4
    xgetmemchunk.o               44                 4
    xxmemxmemzero.o              18
    -------------------------------------------------
    Total:                      182                 8

rt7M_tl.a: [4]
    ABImemcpy.o                 134
    cexit.o                      10
    cmain.o                      30
    copy_init3.o                 44
    cstartup_M.o                 12
    data_init.o                  40
    zero_init3.o                 64
    -------------------------------------------------
    Total:                      334

shb_l.a: [5]
    exit.o                       20
    -------------------------------------------------
    Total:                       20

    Gaps                         10
    Linker created                        36    1 536
-----------------------------------------------------
    Grand Total:             11 902      218    1 709


*******************************************************************************
*** ENTRY LIST
***

Entry                      Address   Size  Type      Object
-----                      -------   ----  ----      ------
.iar.init_table$$Base   0x08002e00          --   Gb  - Linker created -
.iar.init_table$$Limit  0x08002e24          --   Gb  - Linker created -
?main                   0x08002e25         Code  Gb  cmain.o [4]
AHBPrescTable           0x08002e7c   0x10  Data  Gb  system_stm32f1xx.o [1]
APBPrescTable           0x08002ea8    0x8  Data  Gb  system_stm32f1xx.o [1]
BusFault_Handler        0x08002d6b    0x2  Code  Gb  stm32f1xx_it.o [1]
CSTACK$$Base            0x200000b0          --   Gb  - Linker created -
CSTACK$$Limit           0x200004b0          --   Gb  - Linker created -
DMA1_Channel7_IRQHandler
                        0x08002d81    0xa  Code  Gb  stm32f1xx_it.o [1]
DebugMon_Handler        0x08002d71    0x2  Code  Gb  stm32f1xx_it.o [1]
HAL_DMA_Abort_IT        0x0800239b   0xb4  Code  Gb  stm32f1xx_hal_dma.o [1]
HAL_DMA_IRQHandler      0x0800244f  0x16a  Code  Gb  stm32f1xx_hal_dma.o [1]
HAL_DMA_Init            0x08002321   0x7a  Code  Gb  stm32f1xx_hal_dma.o [1]
HAL_GPIO_Init           0x080025e1  0x22e  Code  Gb  stm32f1xx_hal_gpio.o [1]
HAL_GetTick             0x0800217d    0xc  Code  Wk  stm32f1xx_hal.o [1]
HAL_I2C_EV_IRQHandler   0x08000981  0x14a  Code  Gb  stm32f1xx_hal_i2c.o [1]
HAL_I2C_Init            0x080000ed  0x126  Code  Gb  stm32f1xx_hal_i2c.o [1]
HAL_I2C_IsDeviceReady   0x080007b5  0x1c4  Code  Gb  stm32f1xx_hal_i2c.o [1]
HAL_I2C_MemRxCpltCallback
                        0x080021bb    0x2  Code  Gb  main.o [1]
HAL_I2C_Mem_Read        0x080003a9  0x408  Code  Gb  stm32f1xx_hal_i2c.o [1]
HAL_I2C_Mem_Write       0x0800021d  0x18c  Code  Gb  stm32f1xx_hal_i2c.o [1]
HAL_I2C_MspInit         0x080019f9   0x98  Code  Gb  stm32f1xx_hal_msp.o [1]
HAL_IncTick             0x08002d9d   0x10  Code  Wk  stm32f1xx_hal.o [1]
HAL_InitTick            0x08002999   0x28  Code  Wk  stm32f1xx_hal.o [1]
HAL_NVIC_EnableIRQ      0x08002933    0xe  Code  Gb  stm32f1xx_hal_cortex.o [1]
HAL_NVIC_SetPriority    0x08002909   0x2a  Code  Gb  stm32f1xx_hal_cortex.o [1]
HAL_RCC_ClockConfig     0x08001efd  0x188  Code  Gb  stm32f1xx_hal_rcc.o [1]
HAL_RCC_GetHCLKFreq     0x080020f5    0x6  Code  Gb  stm32f1xx_hal_rcc.o [1]
HAL_RCC_GetPCLK1Freq    0x080020fb   0x16  Code  Gb  stm32f1xx_hal_rcc.o [1]
HAL_RCC_GetSysClockFreq
                        0x08002085   0x70  Code  Gb  stm32f1xx_hal_rcc.o [1]
HAL_RCC_OscConfig       0x08001aa9  0x454  Code  Gb  stm32f1xx_hal_rcc.o [1]
HAL_SYSTICK_CLKSourceConfig
                        0x0800294d   0x20  Code  Gb  stm32f1xx_hal_cortex.o [1]
HAL_SYSTICK_Config      0x08002941    0xc  Code  Gb  stm32f1xx_hal_cortex.o [1]
HAL_SYSTICK_IRQHandler  0x0800298d    0x8  Code  Gb  stm32f1xx_hal_cortex.o [1]
HEAP$$Base              0x200004b0          --   Gb  - Linker created -
HEAP$$Limit             0x200006b0          --   Gb  - Linker created -
HardFault_Handler       0x08002d67    0x2  Code  Gb  stm32f1xx_it.o [1]
I2C1_EV_IRQHandler      0x08002d8b    0xa  Code  Gb  stm32f1xx_it.o [1]
I2C_DMAAbort            0x08001729   0x6e  Code  Lc  stm32f1xx_hal_i2c.o [1]
I2C_ITError             0x08001361  0x156  Code  Lc  stm32f1xx_hal_i2c.o [1]
I2C_IsAcknowledgeFailed
                        0x080019c9   0x2e  Code  Lc  stm32f1xx_hal_i2c.o [1]
I2C_MasterReceive_BTF   0x08000d9d   0xfa  Code  Lc  stm32f1xx_hal_i2c.o [1]
I2C_MasterReceive_RXNE  0x08000cc5   0xd8  Code  Lc  stm32f1xx_hal_i2c.o [1]
I2C_MasterTransmit_BTF  0x08000c21   0xa2  Code  Lc  stm32f1xx_hal_i2c.o [1]
I2C_MasterTransmit_TXE  0x08000acb  0x14e  Code  Lc  stm32f1xx_hal_i2c.o [1]
I2C_Master_ADD10        0x08000f2b    0xe  Code  Lc  stm32f1xx_hal_i2c.o [1]
I2C_Master_ADDR         0x08000f39  0x218  Code  Lc  stm32f1xx_hal_i2c.o [1]
I2C_Master_SB           0x08000e9d   0x8e  Code  Lc  stm32f1xx_hal_i2c.o [1]
I2C_RequestMemoryRead   0x080015b1  0x16e  Code  Lc  stm32f1xx_hal_i2c.o [1]
I2C_RequestMemoryWrite  0x080014c5   0xec  Code  Lc  stm32f1xx_hal_i2c.o [1]
I2C_SlaveReceive_BTF    0x08001203   0x1e  Code  Lc  stm32f1xx_hal_i2c.o [1]
I2C_SlaveReceive_RXNE   0x080011b9   0x4a  Code  Lc  stm32f1xx_hal_i2c.o [1]
I2C_SlaveTransmit_BTF   0x0800119b   0x1e  Code  Lc  stm32f1xx_hal_i2c.o [1]
I2C_SlaveTransmit_TXE   0x08001151   0x4a  Code  Lc  stm32f1xx_hal_i2c.o [1]
I2C_Slave_ADDR          0x08001221   0x34  Code  Lc  stm32f1xx_hal_i2c.o [1]
I2C_Slave_STOPF         0x08001255  0x100  Code  Lc  stm32f1xx_hal_i2c.o [1]
I2C_WaitOnBTFFlagUntilTimeout
                        0x08001915   0x52  Code  Lc  stm32f1xx_hal_i2c.o [1]
I2C_WaitOnFlagUntilTimeout
                        0x08001797   0x8a  Code  Lc  stm32f1xx_hal_i2c.o [1]
I2C_WaitOnMasterAddressFlagUntilTimeout
                        0x08001821   0xa2  Code  Lc  stm32f1xx_hal_i2c.o [1]
I2C_WaitOnRXNEFlagUntilTimeout
                        0x08001967   0x62  Code  Lc  stm32f1xx_hal_i2c.o [1]
I2C_WaitOnTXEFlagUntilTimeout
                        0x080018c3   0x52  Code  Lc  stm32f1xx_hal_i2c.o [1]
MX_DMA_Init             0x08002293   0x2c  Code  Lc  main.o [1]
MX_GPIO_Init            0x080022bf   0x36  Code  Lc  main.o [1]
MX_I2C1_Init            0x08002245   0x4e  Code  Lc  main.o [1]
MemManage_Handler       0x08002d69    0x2  Code  Gb  stm32f1xx_it.o [1]
NMI_Handler             0x08002d65    0x2  Code  Gb  stm32f1xx_it.o [1]
NVIC_EnableIRQ          0x0800285b   0x16  Code  Lc  stm32f1xx_hal_cortex.o [1]
NVIC_EncodePriority     0x08002897   0x42  Code  Lc  stm32f1xx_hal_cortex.o [1]
NVIC_GetPriorityGrouping
                        0x08002851    0xa  Code  Lc  stm32f1xx_hal_cortex.o [1]
NVIC_SetPriority        0x08002871   0x26  Code  Lc  stm32f1xx_hal_cortex.o [1]
PendSV_Handler          0x08002d73    0x2  Code  Gb  stm32f1xx_it.o [1]
RCC_Delay               0x08002111   0x26  Code  Lc  stm32f1xx_hal_rcc.o [1]
Region$$Table$$Base     0x08002e00          --   Gb  - Linker created -
Region$$Table$$Limit    0x08002e24          --   Gb  - Linker created -
SVC_Handler             0x08002d6f    0x2  Code  Gb  stm32f1xx_it.o [1]
SysTick_Config          0x080028d9   0x30  Code  Lc  stm32f1xx_hal_cortex.o [1]
SysTick_Handler         0x08002d75    0xc  Code  Gb  stm32f1xx_it.o [1]
SystemClock_Config      0x080021bd   0x88  Code  Gb  main.o [1]
SystemCoreClock         0x20000000    0x4  Data  Gb  system_stm32f1xx.o [1]
SystemInit              0x08002c35   0x4e  Code  Gb  system_stm32f1xx.o [1]
UsageFault_Handler      0x08002d6d    0x2  Code  Gb  stm32f1xx_it.o [1]
_Error_Handler          0x08002315    0x2  Code  Gb  main.o [1]
__aeabi_memcpy4         0x080029c1         Code  Gb  ABImemcpy.o [4]
__aeabi_memcpy8         0x080029c1         Code  Gb  ABImemcpy.o [4]
__cmain                 0x08002e25         Code  Gb  cmain.o [4]
__data_GetMemChunk      0x08002bf5   0x2c  Code  Gb  xgetmemchunk.o [3]
__data_GetMemChunk::start
                        0x200000a8    0x4  Data  Lc  xgetmemchunk.o [3]
__data_memzero          0x08002c21   0x12  Code  Gb  xxmemxmemzero.o [3]
__exit                  0x08002e59   0x14  Code  Gb  exit.o [5]
__iar_copy_init3        0x08002dad   0x2c  Code  Gb  copy_init3.o [4]
__iar_data_init3        0x08002dd9   0x28  Code  Gb  data_init.o [4]
__iar_program_start     0x08002e9d         Code  Gb  cstartup_M.o [4]
__iar_systems$$module {Abs}
                        0x00000001         Data  Gb  command line/config [2]
__iar_zero_init3        0x08002ced   0x40  Code  Gb  zero_init3.o [4]
__low_level_init        0x08002e43    0x4  Code  Gb  low_level_init.o [3]
__no_free_calloc        0x08002a89   0x2c  Code  Gb  no_free_heap0.o [3]
__no_free_malloc        0x08002a49   0x40  Code  Gb  no_free_heap0.o [3]
__vector_table          0x08000000         Data  Gb  startup_stm32f103xb.o [1]
_call_main              0x08002e31         Code  Gb  cmain.o [4]
_exit                   0x08002e4d         Code  Gb  cexit.o [4]
_main                   0x08002e3f         Code  Gb  cmain.o [4]
exit                    0x08002e47    0x4  Code  Gb  exit.o [3]
hdma_i2c1_rx            0x20000058   0x44  Data  Gb  main.o [1]
hi2c1                   0x20000004   0x54  Data  Gb  main.o [1]
i2c_read                0x08002b71   0x42  Code  Gb  MPU6050.o [1]
i2c_write               0x08002bb3   0x42  Code  Gb  MPU6050.o [1]
main                    0x0800218d   0x2e  Code  Gb  main.o [1]
mpu6050_init            0x08002ab9   0xb8  Code  Gb  MPU6050.o [1]
ptr                     0x2000009c    0x4  Data  Gb  main.o [1]
qs                      0x200000a4    0x4  Data  Lc  no_free_heap0.o [3]
retVal                  0x200000ac    0x1  Data  Gb  main.o [1]
uwTick                  0x200000a0    0x4  Data  Gb  stm32f1xx_hal.o [1]


[1] = E:\GitHub\workspace\STM32F1\Projects\MPU6050\EWARM\Test\Obj
[2] = command line
[3] = dl7M_tlf.a
[4] = rt7M_tl.a
[5] = shb_l.a

  11 902 bytes of readonly  code memory
     218 bytes of readonly  data memory
   1 709 bytes of readwrite data memory

Errors: none
Warnings: none
